<?xml version="1.0" encoding="ISO-8859-1" ?>
<link_info>
   <banner>MSP430 Linker PC v20.2.1.LTS</banner>
   <copyright>Copyright (c) 2003-2018 Texas Instruments Incorporated</copyright>
   <link_time>0x60930adf</link_time>
   <link_errors>0x0</link_errors>
   <output_file>sunsensorV2.out</output_file>
   <entry_point>
      <name>_c_int00_noargs</name>
      <address>0xe806</address>
   </entry_point>
   <input_file_list>
      <input_file id="fl-2">
         <path>.\</path>
         <kind>object</kind>
         <file>main.obj</file>
         <name>main.obj</name>
      </input_file>
      <input_file id="fl-7">
         <kind>object</kind>
         <file>&lt;internal&gt;</file>
         <name>&lt;internal&gt;</name>
      </input_file>
      <input_file id="fl-1d">
         <path>C:\Users\George\ccs\tools\compiler\ti-cgt-msp430_20.2.1.LTS\lib\</path>
         <kind>archive</kind>
         <file>rts430_eabi.lib</file>
         <name>e_atan2.c.obj</name>
      </input_file>
      <input_file id="fl-1e">
         <path>C:\Users\George\ccs\tools\compiler\ti-cgt-msp430_20.2.1.LTS\lib\</path>
         <kind>archive</kind>
         <file>rts430_eabi.lib</file>
         <name>s_atan.c.obj</name>
      </input_file>
      <input_file id="fl-1f">
         <path>C:\Users\George\ccs\tools\compiler\ti-cgt-msp430_20.2.1.LTS\lib\</path>
         <kind>archive</kind>
         <file>rts430_eabi.lib</file>
         <name>asr16.asm.obj</name>
      </input_file>
      <input_file id="fl-20">
         <path>C:\Users\George\ccs\tools\compiler\ti-cgt-msp430_20.2.1.LTS\lib\</path>
         <kind>archive</kind>
         <file>rts430_eabi.lib</file>
         <name>epilog.asm.obj</name>
      </input_file>
      <input_file id="fl-21">
         <path>C:\Users\George\ccs\tools\compiler\ti-cgt-msp430_20.2.1.LTS\lib\</path>
         <kind>archive</kind>
         <file>rts430_eabi.lib</file>
         <name>int00.asm.obj</name>
      </input_file>
      <input_file id="fl-22">
         <path>C:\Users\George\ccs\tools\compiler\ti-cgt-msp430_20.2.1.LTS\lib\</path>
         <kind>archive</kind>
         <file>rts430_eabi.lib</file>
         <name>int02.asm.obj</name>
      </input_file>
      <input_file id="fl-23">
         <path>C:\Users\George\ccs\tools\compiler\ti-cgt-msp430_20.2.1.LTS\lib\</path>
         <kind>archive</kind>
         <file>rts430_eabi.lib</file>
         <name>int03.asm.obj</name>
      </input_file>
      <input_file id="fl-24">
         <path>C:\Users\George\ccs\tools\compiler\ti-cgt-msp430_20.2.1.LTS\lib\</path>
         <kind>archive</kind>
         <file>rts430_eabi.lib</file>
         <name>int05.asm.obj</name>
      </input_file>
      <input_file id="fl-25">
         <path>C:\Users\George\ccs\tools\compiler\ti-cgt-msp430_20.2.1.LTS\lib\</path>
         <kind>archive</kind>
         <file>rts430_eabi.lib</file>
         <name>int08.asm.obj</name>
      </input_file>
      <input_file id="fl-26">
         <path>C:\Users\George\ccs\tools\compiler\ti-cgt-msp430_20.2.1.LTS\lib\</path>
         <kind>archive</kind>
         <file>rts430_eabi.lib</file>
         <name>int09.asm.obj</name>
      </input_file>
      <input_file id="fl-27">
         <path>C:\Users\George\ccs\tools\compiler\ti-cgt-msp430_20.2.1.LTS\lib\</path>
         <kind>archive</kind>
         <file>rts430_eabi.lib</file>
         <name>int10.asm.obj</name>
      </input_file>
      <input_file id="fl-28">
         <path>C:\Users\George\ccs\tools\compiler\ti-cgt-msp430_20.2.1.LTS\lib\</path>
         <kind>archive</kind>
         <file>rts430_eabi.lib</file>
         <name>int11.asm.obj</name>
      </input_file>
      <input_file id="fl-29">
         <path>C:\Users\George\ccs\tools\compiler\ti-cgt-msp430_20.2.1.LTS\lib\</path>
         <kind>archive</kind>
         <file>rts430_eabi.lib</file>
         <name>int12.asm.obj</name>
      </input_file>
      <input_file id="fl-2a">
         <path>C:\Users\George\ccs\tools\compiler\ti-cgt-msp430_20.2.1.LTS\lib\</path>
         <kind>archive</kind>
         <file>rts430_eabi.lib</file>
         <name>int13.asm.obj</name>
      </input_file>
      <input_file id="fl-2b">
         <path>C:\Users\George\ccs\tools\compiler\ti-cgt-msp430_20.2.1.LTS\lib\</path>
         <kind>archive</kind>
         <file>rts430_eabi.lib</file>
         <name>int14.asm.obj</name>
      </input_file>
      <input_file id="fl-2c">
         <path>C:\Users\George\ccs\tools\compiler\ti-cgt-msp430_20.2.1.LTS\lib\</path>
         <kind>archive</kind>
         <file>rts430_eabi.lib</file>
         <name>isr_trap.asm.obj</name>
      </input_file>
      <input_file id="fl-2d">
         <path>C:\Users\George\ccs\tools\compiler\ti-cgt-msp430_20.2.1.LTS\lib\</path>
         <kind>archive</kind>
         <file>rts430_eabi.lib</file>
         <name>lsl16.asm.obj</name>
      </input_file>
      <input_file id="fl-2e">
         <path>C:\Users\George\ccs\tools\compiler\ti-cgt-msp430_20.2.1.LTS\lib\</path>
         <kind>archive</kind>
         <file>rts430_eabi.lib</file>
         <name>lsr16.asm.obj</name>
      </input_file>
      <input_file id="fl-2f">
         <path>C:\Users\George\ccs\tools\compiler\ti-cgt-msp430_20.2.1.LTS\lib\</path>
         <kind>archive</kind>
         <file>rts430_eabi.lib</file>
         <name>boot.c.obj</name>
      </input_file>
      <input_file id="fl-30">
         <path>C:\Users\George\ccs\tools\compiler\ti-cgt-msp430_20.2.1.LTS\lib\</path>
         <kind>archive</kind>
         <file>rts430_eabi.lib</file>
         <name>autoinit.c.obj</name>
      </input_file>
      <input_file id="fl-31">
         <path>C:\Users\George\ccs\tools\compiler\ti-cgt-msp430_20.2.1.LTS\lib\</path>
         <kind>archive</kind>
         <file>rts430_eabi.lib</file>
         <name>copy_zero_init.c.obj</name>
      </input_file>
      <input_file id="fl-32">
         <path>C:\Users\George\ccs\tools\compiler\ti-cgt-msp430_20.2.1.LTS\lib\</path>
         <kind>archive</kind>
         <file>rts430_eabi.lib</file>
         <name>cpy_tbl.c.obj</name>
      </input_file>
      <input_file id="fl-33">
         <path>C:\Users\George\ccs\tools\compiler\ti-cgt-msp430_20.2.1.LTS\lib\</path>
         <kind>archive</kind>
         <file>rts430_eabi.lib</file>
         <name>mpu_init.c.obj</name>
      </input_file>
      <input_file id="fl-34">
         <path>C:\Users\George\ccs\tools\compiler\ti-cgt-msp430_20.2.1.LTS\lib\</path>
         <kind>archive</kind>
         <file>rts430_eabi.lib</file>
         <name>lsr64.c.obj</name>
      </input_file>
      <input_file id="fl-35">
         <path>C:\Users\George\ccs\tools\compiler\ti-cgt-msp430_20.2.1.LTS\lib\</path>
         <kind>archive</kind>
         <file>rts430_eabi.lib</file>
         <name>pre_init.c.obj</name>
      </input_file>
      <input_file id="fl-36">
         <path>C:\Users\George\ccs\tools\compiler\ti-cgt-msp430_20.2.1.LTS\lib\</path>
         <kind>archive</kind>
         <file>rts430_eabi.lib</file>
         <name>startup.c.obj</name>
      </input_file>
      <input_file id="fl-37">
         <path>C:\Users\George\ccs\tools\compiler\ti-cgt-msp430_20.2.1.LTS\lib\</path>
         <kind>archive</kind>
         <file>rts430_eabi.lib</file>
         <name>copy_decompress_none.c.obj</name>
      </input_file>
      <input_file id="fl-38">
         <path>C:\Users\George\ccs\tools\compiler\ti-cgt-msp430_20.2.1.LTS\lib\</path>
         <kind>archive</kind>
         <file>rts430_eabi.lib</file>
         <name>copy_decompress_lzss.c.obj</name>
      </input_file>
      <input_file id="fl-39">
         <path>C:\Users\George\ccs\tools\compiler\ti-cgt-msp430_20.2.1.LTS\lib\</path>
         <kind>archive</kind>
         <file>rts430_eabi.lib</file>
         <name>addd.c.obj</name>
      </input_file>
      <input_file id="fl-3a">
         <path>C:\Users\George\ccs\tools\compiler\ti-cgt-msp430_20.2.1.LTS\lib\</path>
         <kind>archive</kind>
         <file>rts430_eabi.lib</file>
         <name>cmpd.c.obj</name>
      </input_file>
      <input_file id="fl-3b">
         <path>C:\Users\George\ccs\tools\compiler\ti-cgt-msp430_20.2.1.LTS\lib\</path>
         <kind>archive</kind>
         <file>rts430_eabi.lib</file>
         <name>divd.c.obj</name>
      </input_file>
      <input_file id="fl-3c">
         <path>C:\Users\George\ccs\tools\compiler\ti-cgt-msp430_20.2.1.LTS\lib\</path>
         <kind>archive</kind>
         <file>rts430_eabi.lib</file>
         <name>fltid.c.obj</name>
      </input_file>
      <input_file id="fl-3d">
         <path>C:\Users\George\ccs\tools\compiler\ti-cgt-msp430_20.2.1.LTS\lib\</path>
         <kind>archive</kind>
         <file>rts430_eabi.lib</file>
         <name>fltlid.c.obj</name>
      </input_file>
      <input_file id="fl-3e">
         <path>C:\Users\George\ccs\tools\compiler\ti-cgt-msp430_20.2.1.LTS\lib\</path>
         <kind>archive</kind>
         <file>rts430_eabi.lib</file>
         <name>frcaddd.c.obj</name>
      </input_file>
      <input_file id="fl-3f">
         <path>C:\Users\George\ccs\tools\compiler\ti-cgt-msp430_20.2.1.LTS\lib\</path>
         <kind>archive</kind>
         <file>rts430_eabi.lib</file>
         <name>frcdivd.c.obj</name>
      </input_file>
      <input_file id="fl-40">
         <path>C:\Users\George\ccs\tools\compiler\ti-cgt-msp430_20.2.1.LTS\lib\</path>
         <kind>archive</kind>
         <file>rts430_eabi.lib</file>
         <name>mpyd.c.obj</name>
      </input_file>
      <input_file id="fl-41">
         <path>C:\Users\George\ccs\tools\compiler\ti-cgt-msp430_20.2.1.LTS\lib\</path>
         <kind>archive</kind>
         <file>rts430_eabi.lib</file>
         <name>negd.c.obj</name>
      </input_file>
      <input_file id="fl-42">
         <path>C:\Users\George\ccs\tools\compiler\ti-cgt-msp430_20.2.1.LTS\lib\</path>
         <kind>archive</kind>
         <file>rts430_eabi.lib</file>
         <name>renormd.c.obj</name>
      </input_file>
      <input_file id="fl-43">
         <path>C:\Users\George\ccs\tools\compiler\ti-cgt-msp430_20.2.1.LTS\lib\</path>
         <kind>archive</kind>
         <file>rts430_eabi.lib</file>
         <name>subd.c.obj</name>
      </input_file>
      <input_file id="fl-44">
         <path>C:\Users\George\ccs\tools\compiler\ti-cgt-msp430_20.2.1.LTS\lib\</path>
         <kind>archive</kind>
         <file>rts430_eabi.lib</file>
         <name>cvtdf.c.obj</name>
      </input_file>
      <input_file id="fl-45">
         <path>C:\Users\George\ccs\tools\compiler\ti-cgt-msp430_20.2.1.LTS\lib\</path>
         <kind>archive</kind>
         <file>rts430_eabi.lib</file>
         <name>exit.c.obj</name>
      </input_file>
      <input_file id="fl-46">
         <path>C:\Users\George\ccs\tools\compiler\ti-cgt-msp430_20.2.1.LTS\lib\</path>
         <kind>archive</kind>
         <file>rts430_eabi.lib</file>
         <name>_lock.c.obj</name>
      </input_file>
      <input_file id="fl-47">
         <path>C:\Users\George\ccs\tools\compiler\ti-cgt-msp430_20.2.1.LTS\lib\</path>
         <kind>archive</kind>
         <file>rts430_eabi.lib</file>
         <name>args_main.c.obj</name>
      </input_file>
      <input_file id="fl-48">
         <path>C:\Users\George\ccs\tools\compiler\ti-cgt-msp430_20.2.1.LTS\lib\</path>
         <kind>archive</kind>
         <file>rts430_eabi.lib</file>
         <name>memcpy.c.obj</name>
      </input_file>
      <input_file id="fl-49">
         <path>C:\Users\George\ccs\tools\compiler\ti-cgt-msp430_20.2.1.LTS\lib\</path>
         <kind>archive</kind>
         <file>rts430_eabi.lib</file>
         <name>asr32.asm.obj</name>
      </input_file>
      <input_file id="fl-4a">
         <path>C:\Users\George\ccs\tools\compiler\ti-cgt-msp430_20.2.1.LTS\lib\</path>
         <kind>archive</kind>
         <file>rts430_eabi.lib</file>
         <name>lsl32.asm.obj</name>
      </input_file>
      <input_file id="fl-4b">
         <path>C:\Users\George\ccs\tools\compiler\ti-cgt-msp430_20.2.1.LTS\lib\</path>
         <kind>archive</kind>
         <file>rts430_eabi.lib</file>
         <name>lsr32.asm.obj</name>
      </input_file>
      <input_file id="fl-4c">
         <path>C:\Users\George\ccs\tools\compiler\ti-cgt-msp430_20.2.1.LTS\lib\</path>
         <kind>archive</kind>
         <file>rts430_eabi.lib</file>
         <name>mult16.asm.obj</name>
      </input_file>
      <input_file id="fl-4d">
         <path>C:\Users\George\ccs\tools\compiler\ti-cgt-msp430_20.2.1.LTS\lib\</path>
         <kind>archive</kind>
         <file>rts430_eabi.lib</file>
         <name>mult32.asm.obj</name>
      </input_file>
      <input_file id="fl-4e">
         <path>C:\Users\George\ccs\tools\compiler\ti-cgt-msp430_20.2.1.LTS\lib\</path>
         <kind>archive</kind>
         <file>rts430_eabi.lib</file>
         <name>exit_gvars.c.obj</name>
      </input_file>
      <input_file id="fl-4f">
         <path>C:\Users\George\ccs\tools\compiler\ti-cgt-msp430_20.2.1.LTS\lib\</path>
         <kind>archive</kind>
         <file>rts430_eabi.lib</file>
         <name>frcmpyd.c.obj</name>
      </input_file>
   </input_file_list>
   <object_component_list>
      <object_component id="oc-218">
         <name>.common:dataBuffer</name>
         <uninitialized>true</uninitialized>
         <run_address>0x232</run_address>
         <size>0x1e</size>
      </object_component>
      <object_component id="oc-21f">
         <name>.common:finalArray</name>
         <uninitialized>true</uninitialized>
         <run_address>0x200</run_address>
         <size>0x32</size>
      </object_component>
      <object_component id="oc-18a">
         <name>.common:READINGX</name>
         <uninitialized>true</uninitialized>
         <run_address>0x250</run_address>
         <size>0x4</size>
      </object_component>
      <object_component id="oc-18b">
         <name>.common:READINGY</name>
         <uninitialized>true</uninitialized>
         <run_address>0x254</run_address>
         <size>0x4</size>
      </object_component>
      <object_component id="oc-19c">
         <name>.common:READING_INDEX_X</name>
         <uninitialized>true</uninitialized>
         <run_address>0x258</run_address>
         <size>0x1</size>
      </object_component>
      <object_component id="oc-19d">
         <name>.common:READING_INDEX_Y</name>
         <uninitialized>true</uninitialized>
         <run_address>0x259</run_address>
         <size>0x1</size>
      </object_component>
      <object_component id="oc-143">
         <name>.data</name>
         <load_address>0x25a</load_address>
         <run_address>0x25a</run_address>
         <size>0x2a</size>
         <input_file_ref idref="fl-2"/>
      </object_component>
      <object_component id="oc-b1">
         <name>.stack</name>
         <uninitialized>true</uninitialized>
         <run_address>0x3b0</run_address>
         <size>0x2</size>
         <input_file_ref idref="fl-2f"/>
      </object_component>
      <object_component id="oc-3b3">
         <name>.stack</name>
         <uninitialized>true</uninitialized>
         <run_address>0x3b0</run_address>
         <size>0x0</size>
      </object_component>
      <object_component id="oc-2b9">
         <name>.text:atan</name>
         <load_address>0xc000</load_address>
         <run_address>0xc000</run_address>
         <size>0x4b8</size>
         <input_file_ref idref="fl-1e"/>
      </object_component>
      <object_component id="oc-2af">
         <name>.text:__TI_frcdivd</name>
         <load_address>0xc4b8</load_address>
         <run_address>0xc4b8</run_address>
         <size>0x478</size>
         <input_file_ref idref="fl-3f"/>
      </object_component>
      <object_component id="oc-247">
         <name>.text:atan2</name>
         <load_address>0xc930</load_address>
         <run_address>0xc930</run_address>
         <size>0x346</size>
         <input_file_ref idref="fl-1d"/>
      </object_component>
      <object_component id="oc-2a8">
         <name>.text:__mspabi_addd</name>
         <load_address>0xcc76</load_address>
         <run_address>0xcc76</run_address>
         <size>0x2fa</size>
         <input_file_ref idref="fl-39"/>
      </object_component>
      <object_component id="oc-29a">
         <name>.text:__TI_frcmpyd</name>
         <load_address>0xcf70</load_address>
         <run_address>0xcf70</run_address>
         <size>0x286</size>
         <input_file_ref idref="fl-4f"/>
      </object_component>
      <object_component id="oc-22c">
         <name>.text:__mspabi_mpyd</name>
         <load_address>0xd1f6</load_address>
         <run_address>0xd1f6</run_address>
         <size>0x26e</size>
         <input_file_ref idref="fl-40"/>
      </object_component>
      <object_component id="oc-311">
         <name>.text:__TI_frcaddd</name>
         <load_address>0xd464</load_address>
         <run_address>0xd464</run_address>
         <size>0x260</size>
         <input_file_ref idref="fl-3e"/>
      </object_component>
      <object_component id="oc-1aa">
         <name>.text:determineAngle</name>
         <load_address>0xd6c4</load_address>
         <run_address>0xd6c4</run_address>
         <size>0x24a</size>
         <input_file_ref idref="fl-2"/>
      </object_component>
      <object_component id="oc-23e">
         <name>.text:__mspabi_divd</name>
         <load_address>0xd90e</load_address>
         <run_address>0xd90e</run_address>
         <size>0x238</size>
         <input_file_ref idref="fl-3b"/>
      </object_component>
      <object_component id="oc-1a4">
         <name>.text:readXaxis</name>
         <load_address>0xdb46</load_address>
         <run_address>0xdb46</run_address>
         <size>0x134</size>
         <input_file_ref idref="fl-2"/>
      </object_component>
      <object_component id="oc-1b6">
         <name>.text:readYaxis</name>
         <load_address>0xdc7a</load_address>
         <run_address>0xdc7a</run_address>
         <size>0x126</size>
         <input_file_ref idref="fl-2"/>
      </object_component>
      <object_component id="oc-232">
         <name>.text:__mspabi_cmpd</name>
         <load_address>0xdda0</load_address>
         <run_address>0xdda0</run_address>
         <size>0xdc</size>
         <input_file_ref idref="fl-3a"/>
      </object_component>
      <object_component id="oc-15c">
         <name>.text:main</name>
         <load_address>0xde7c</load_address>
         <run_address>0xde7c</run_address>
         <size>0xd6</size>
         <input_file_ref idref="fl-2"/>
      </object_component>
      <object_component id="oc-219">
         <name>.text:readAll</name>
         <load_address>0xdf52</load_address>
         <run_address>0xdf52</run_address>
         <size>0xd4</size>
         <input_file_ref idref="fl-2"/>
      </object_component>
      <object_component id="oc-352">
         <name>.text:__TI_renormd</name>
         <load_address>0xe026</load_address>
         <run_address>0xe026</run_address>
         <size>0xbe</size>
         <input_file_ref idref="fl-42"/>
      </object_component>
      <object_component id="oc-205">
         <name>.text:init</name>
         <load_address>0xe0e4</load_address>
         <run_address>0xe0e4</run_address>
         <size>0xae</size>
         <input_file_ref idref="fl-2"/>
      </object_component>
      <object_component id="oc-293">
         <name>.text:__mspabi_fltlid</name>
         <load_address>0xe192</load_address>
         <run_address>0xe192</run_address>
         <size>0xac</size>
         <input_file_ref idref="fl-3d"/>
      </object_component>
      <object_component id="oc-212">
         <name>.text:sendIntegration</name>
         <load_address>0xe23e</load_address>
         <run_address>0xe23e</run_address>
         <size>0xac</size>
         <input_file_ref idref="fl-2"/>
      </object_component>
      <object_component id="oc-20b">
         <name>.text:setThreshold</name>
         <load_address>0xe2ea</load_address>
         <run_address>0xe2ea</run_address>
         <size>0xa2</size>
         <input_file_ref idref="fl-2"/>
      </object_component>
      <object_component id="oc-1b0">
         <name>.text:__mspabi_cvtdf</name>
         <load_address>0xe38c</load_address>
         <run_address>0xe38c</run_address>
         <size>0x8c</size>
         <input_file_ref idref="fl-44"/>
      </object_component>
      <object_component id="oc-34">
         <name>.text:decompress:lzss:__TI_decompress_lzss</name>
         <load_address>0xe418</load_address>
         <run_address>0xe418</run_address>
         <size>0x7c</size>
         <input_file_ref idref="fl-38"/>
      </object_component>
      <object_component id="oc-190">
         <name>.text:init_SPI_master</name>
         <load_address>0xe494</load_address>
         <run_address>0xe494</run_address>
         <size>0x6a</size>
         <input_file_ref idref="fl-2"/>
      </object_component>
      <object_component id="oc-2fc">
         <name>.text:l_lsr_const</name>
         <load_address>0xe4fe</load_address>
         <run_address>0xe4fe</run_address>
         <size>0x5c</size>
         <input_file_ref idref="fl-4b"/>
      </object_component>
      <object_component id="oc-19e">
         <name>.text:initAll</name>
         <load_address>0xe55a</load_address>
         <run_address>0xe55a</run_address>
         <size>0x58</size>
         <input_file_ref idref="fl-2"/>
      </object_component>
      <object_component id="oc-ba">
         <name>.text</name>
         <load_address>0xe5b2</load_address>
         <run_address>0xe5b2</run_address>
         <size>0x4c</size>
         <input_file_ref idref="fl-2e"/>
      </object_component>
      <object_component id="oc-1c9">
         <name>.text:__TI_auto_init_nobinit_nopinit:__TI_auto_init_nobinit_nopinit</name>
         <load_address>0xe5fe</load_address>
         <run_address>0xe5fe</run_address>
         <size>0x42</size>
         <input_file_ref idref="fl-30"/>
      </object_component>
      <object_component id="oc-e7">
         <name>.text:USCIB0RX_ISR</name>
         <load_address>0xe640</load_address>
         <run_address>0xe640</run_address>
         <size>0x3e</size>
         <input_file_ref idref="fl-2"/>
      </object_component>
      <object_component id="oc-303">
         <name>.text:l_asr_const</name>
         <load_address>0xe67e</load_address>
         <run_address>0xe67e</run_address>
         <size>0x3e</size>
         <input_file_ref idref="fl-49"/>
      </object_component>
      <object_component id="oc-24e">
         <name>.text:l_lsl_const</name>
         <load_address>0xe6bc</load_address>
         <run_address>0xe6bc</run_address>
         <size>0x3e</size>
         <input_file_ref idref="fl-4a"/>
      </object_component>
      <object_component id="oc-147">
         <name>.text:send_readings</name>
         <load_address>0xe6fa</load_address>
         <run_address>0xe6fa</run_address>
         <size>0x36</size>
         <input_file_ref idref="fl-2"/>
      </object_component>
      <object_component id="oc-238">
         <name>.text:__mspabi_subd</name>
         <load_address>0xe730</load_address>
         <run_address>0xe730</run_address>
         <size>0x2e</size>
         <input_file_ref idref="fl-43"/>
      </object_component>
      <object_component id="oc-220">
         <name>.text</name>
         <load_address>0xe75e</load_address>
         <run_address>0xe75e</run_address>
         <size>0x2c</size>
         <input_file_ref idref="fl-1f"/>
      </object_component>
      <object_component id="oc-b5">
         <name>.text</name>
         <load_address>0xe78a</load_address>
         <run_address>0xe78a</run_address>
         <size>0x2c</size>
         <input_file_ref idref="fl-2d"/>
      </object_component>
      <object_component id="oc-2bf">
         <name>.text:__mspabi_negd</name>
         <load_address>0xe7b6</load_address>
         <run_address>0xe7b6</run_address>
         <size>0x2a</size>
         <input_file_ref idref="fl-41"/>
      </object_component>
      <object_component id="oc-308">
         <name>.text</name>
         <load_address>0xe7e0</load_address>
         <run_address>0xe7e0</run_address>
         <size>0x26</size>
         <input_file_ref idref="fl-4d"/>
      </object_component>
      <object_component id="oc-ff">
         <name>.text:_c_int00_noargs</name>
         <load_address>0xe806</load_address>
         <run_address>0xe806</run_address>
         <size>0x1c</size>
         <input_file_ref idref="fl-2f"/>
      </object_component>
      <object_component id="oc-196">
         <name>.text:init_SPI_slave</name>
         <load_address>0xe822</load_address>
         <run_address>0xe822</run_address>
         <size>0x1c</size>
         <input_file_ref idref="fl-2"/>
      </object_component>
      <object_component id="oc-ed">
         <name>.text:decompress:ZI:__TI_zero_init_nomemset:__TI_zero_init_nomemset</name>
         <load_address>0xe83e</load_address>
         <run_address>0xe83e</run_address>
         <size>0x14</size>
         <input_file_ref idref="fl-31"/>
      </object_component>
      <object_component id="oc-2f0">
         <name>.text</name>
         <load_address>0xe852</load_address>
         <run_address>0xe852</run_address>
         <size>0x14</size>
         <input_file_ref idref="fl-4c"/>
      </object_component>
      <object_component id="oc-3a">
         <name>.text:decompress:none:__TI_decompress_none</name>
         <load_address>0xe866</load_address>
         <run_address>0xe866</run_address>
         <size>0x12</size>
         <input_file_ref idref="fl-37"/>
      </object_component>
      <object_component id="oc-348">
         <name>.text:l_lsr</name>
         <load_address>0xe878</load_address>
         <run_address>0xe878</run_address>
         <size>0x12</size>
         <input_file_ref idref="fl-4b"/>
      </object_component>
      <object_component id="oc-cf">
         <name>.text:memcpy</name>
         <load_address>0xe88a</load_address>
         <run_address>0xe88a</run_address>
         <size>0x12</size>
         <input_file_ref idref="fl-48"/>
      </object_component>
      <object_component id="oc-34d">
         <name>.text:l_asr</name>
         <load_address>0xe89c</load_address>
         <run_address>0xe89c</run_address>
         <size>0x10</size>
         <input_file_ref idref="fl-49"/>
      </object_component>
      <object_component id="oc-343">
         <name>.text:l_lsl</name>
         <load_address>0xe8ac</load_address>
         <run_address>0xe8ac</run_address>
         <size>0x10</size>
         <input_file_ref idref="fl-4a"/>
      </object_component>
      <object_component id="oc-bf">
         <name>.text</name>
         <load_address>0xe8bc</load_address>
         <run_address>0xe8bc</run_address>
         <size>0x10</size>
         <input_file_ref idref="fl-20"/>
      </object_component>
      <object_component id="oc-e1">
         <name>.text:USCIB0TX_ISR</name>
         <load_address>0xe8cc</load_address>
         <run_address>0xe8cc</run_address>
         <size>0xc</size>
         <input_file_ref idref="fl-2"/>
      </object_component>
      <object_component id="oc-226">
         <name>.text:__mspabi_fltid</name>
         <load_address>0xe8d8</load_address>
         <run_address>0xe8d8</run_address>
         <size>0xc</size>
         <input_file_ref idref="fl-3c"/>
      </object_component>
      <object_component id="oc-dc">
         <name>.text:_isr:__TI_ISR_TRAP</name>
         <load_address>0xe8e4</load_address>
         <run_address>0xe8e4</run_address>
         <size>0x8</size>
         <input_file_ref idref="fl-2c"/>
      </object_component>
      <object_component id="oc-1bd">
         <name>.text:abort</name>
         <load_address>0xe8ec</load_address>
         <run_address>0xe8ec</run_address>
         <size>0x6</size>
         <input_file_ref idref="fl-45"/>
      </object_component>
      <object_component id="oc-156">
         <name>.text:_system_pre_init</name>
         <load_address>0xe8f2</load_address>
         <run_address>0xe8f2</run_address>
         <size>0x4</size>
         <input_file_ref idref="fl-35"/>
      </object_component>
      <object_component id="oc-268">
         <name>.text:_system_post_cinit</name>
         <load_address>0xe8f6</load_address>
         <run_address>0xe8f6</run_address>
         <size>0x2</size>
         <input_file_ref idref="fl-36"/>
      </object_component>
      <object_component id="oc-3b2">
         <name>.cinit..data.load</name>
         <load_address>0xe998</load_address>
         <run_address>0xe998</run_address>
         <size>0x18</size>
      </object_component>
      <object_component id="oc-3af">
         <name>__TI_handler_table</name>
         <load_address>0xe9b0</load_address>
         <run_address>0xe9b0</run_address>
         <size>0x6</size>
      </object_component>
      <object_component id="oc-3b1">
         <name>.cinit..bss.load</name>
         <load_address>0xe9b6</load_address>
         <run_address>0xe9b6</run_address>
         <size>0x4</size>
      </object_component>
      <object_component id="oc-3b0">
         <name>__TI_cinit_table</name>
         <load_address>0xe9ba</load_address>
         <run_address>0xe9ba</run_address>
         <size>0x8</size>
      </object_component>
      <object_component id="oc-323">
         <name>.const:aT</name>
         <load_address>0xe8f8</load_address>
         <run_address>0xe8f8</run_address>
         <size>0x58</size>
         <input_file_ref idref="fl-1e"/>
      </object_component>
      <object_component id="oc-31d">
         <name>.const:atanhi</name>
         <load_address>0xe950</load_address>
         <run_address>0xe950</run_address>
         <size>0x20</size>
         <input_file_ref idref="fl-1e"/>
      </object_component>
      <object_component id="oc-320">
         <name>.const:atanlo</name>
         <load_address>0xe970</load_address>
         <run_address>0xe970</run_address>
         <size>0x20</size>
         <input_file_ref idref="fl-1e"/>
      </object_component>
      <object_component id="oc-244">
         <name>.const</name>
         <load_address>0xe990</load_address>
         <run_address>0xe990</run_address>
         <size>0x8</size>
         <input_file_ref idref="fl-2"/>
      </object_component>
      <object_component id="oc-371">
         <name>.binit</name>
         <load_address>0xc000</load_address>
         <run_address>0xc000</run_address>
         <size>0x0</size>
      </object_component>
      <object_component id="oc-40">
         <name>.int00</name>
         <load_address>0xffe0</load_address>
         <run_address>0xffe0</run_address>
         <size>0x2</size>
         <input_file_ref idref="fl-21"/>
      </object_component>
      <object_component id="oc-41">
         <name>.int02</name>
         <load_address>0xffe4</load_address>
         <run_address>0xffe4</run_address>
         <size>0x2</size>
         <input_file_ref idref="fl-22"/>
      </object_component>
      <object_component id="oc-42">
         <name>.int03</name>
         <load_address>0xffe6</load_address>
         <run_address>0xffe6</run_address>
         <size>0x2</size>
         <input_file_ref idref="fl-23"/>
      </object_component>
      <object_component id="oc-43">
         <name>.int05</name>
         <load_address>0xffea</load_address>
         <run_address>0xffea</run_address>
         <size>0x2</size>
         <input_file_ref idref="fl-24"/>
      </object_component>
      <object_component id="oc-44">
         <name>.int06</name>
         <load_address>0xffec</load_address>
         <run_address>0xffec</run_address>
         <size>0x2</size>
         <input_file_ref idref="fl-2"/>
      </object_component>
      <object_component id="oc-45">
         <name>.int07</name>
         <load_address>0xffee</load_address>
         <run_address>0xffee</run_address>
         <size>0x2</size>
         <input_file_ref idref="fl-2"/>
      </object_component>
      <object_component id="oc-46">
         <name>.int08</name>
         <load_address>0xfff0</load_address>
         <run_address>0xfff0</run_address>
         <size>0x2</size>
         <input_file_ref idref="fl-25"/>
      </object_component>
      <object_component id="oc-47">
         <name>.int09</name>
         <load_address>0xfff2</load_address>
         <run_address>0xfff2</run_address>
         <size>0x2</size>
         <input_file_ref idref="fl-26"/>
      </object_component>
      <object_component id="oc-48">
         <name>.int10</name>
         <load_address>0xfff4</load_address>
         <run_address>0xfff4</run_address>
         <size>0x2</size>
         <input_file_ref idref="fl-27"/>
      </object_component>
      <object_component id="oc-49">
         <name>.int11</name>
         <load_address>0xfff6</load_address>
         <run_address>0xfff6</run_address>
         <size>0x2</size>
         <input_file_ref idref="fl-28"/>
      </object_component>
      <object_component id="oc-4a">
         <name>.int12</name>
         <load_address>0xfff8</load_address>
         <run_address>0xfff8</run_address>
         <size>0x2</size>
         <input_file_ref idref="fl-29"/>
      </object_component>
      <object_component id="oc-4b">
         <name>.int13</name>
         <load_address>0xfffa</load_address>
         <run_address>0xfffa</run_address>
         <size>0x2</size>
         <input_file_ref idref="fl-2a"/>
      </object_component>
      <object_component id="oc-4c">
         <name>.int14</name>
         <load_address>0xfffc</load_address>
         <run_address>0xfffc</run_address>
         <size>0x2</size>
         <input_file_ref idref="fl-2b"/>
      </object_component>
      <object_component id="oc-b4">
         <name>.reset</name>
         <load_address>0xfffe</load_address>
         <run_address>0xfffe</run_address>
         <size>0x2</size>
         <input_file_ref idref="fl-2f"/>
      </object_component>
      <object_component id="oc-183">
         <name>.debug_info</name>
         <load_address>0x0</load_address>
         <run_address>0x0</run_address>
         <size>0x540</size>
         <input_file_ref idref="fl-2"/>
      </object_component>
      <object_component id="oc-144">
         <name>.debug_info</name>
         <load_address>0x540</load_address>
         <run_address>0x540</run_address>
         <size>0x2ce</size>
         <input_file_ref idref="fl-2"/>
      </object_component>
      <object_component id="oc-245">
         <name>.debug_info</name>
         <load_address>0x80e</load_address>
         <run_address>0x80e</run_address>
         <size>0xd1</size>
         <input_file_ref idref="fl-2"/>
      </object_component>
      <object_component id="oc-20c">
         <name>.debug_info</name>
         <load_address>0x8df</load_address>
         <run_address>0x8df</run_address>
         <size>0x168</size>
         <input_file_ref idref="fl-2"/>
      </object_component>
      <object_component id="oc-148">
         <name>.debug_info</name>
         <load_address>0xa47</load_address>
         <run_address>0xa47</run_address>
         <size>0x14a</size>
         <input_file_ref idref="fl-2"/>
      </object_component>
      <object_component id="oc-213">
         <name>.debug_info</name>
         <load_address>0xb91</load_address>
         <run_address>0xb91</run_address>
         <size>0x132</size>
         <input_file_ref idref="fl-2"/>
      </object_component>
      <object_component id="oc-21a">
         <name>.debug_info</name>
         <load_address>0xcc3</load_address>
         <run_address>0xcc3</run_address>
         <size>0x12d</size>
         <input_file_ref idref="fl-2"/>
      </object_component>
      <object_component id="oc-1b7">
         <name>.debug_info</name>
         <load_address>0xdf0</load_address>
         <run_address>0xdf0</run_address>
         <size>0x1ff</size>
         <input_file_ref idref="fl-2"/>
      </object_component>
      <object_component id="oc-1a5">
         <name>.debug_info</name>
         <load_address>0xfef</load_address>
         <run_address>0xfef</run_address>
         <size>0x1ff</size>
         <input_file_ref idref="fl-2"/>
      </object_component>
      <object_component id="oc-191">
         <name>.debug_info</name>
         <load_address>0x11ee</load_address>
         <run_address>0x11ee</run_address>
         <size>0x106</size>
         <input_file_ref idref="fl-2"/>
      </object_component>
      <object_component id="oc-197">
         <name>.debug_info</name>
         <load_address>0x12f4</load_address>
         <run_address>0x12f4</run_address>
         <size>0x104</size>
         <input_file_ref idref="fl-2"/>
      </object_component>
      <object_component id="oc-206">
         <name>.debug_info</name>
         <load_address>0x13f8</load_address>
         <run_address>0x13f8</run_address>
         <size>0x11a</size>
         <input_file_ref idref="fl-2"/>
      </object_component>
      <object_component id="oc-19f">
         <name>.debug_info</name>
         <load_address>0x1512</load_address>
         <run_address>0x1512</run_address>
         <size>0x1ad</size>
         <input_file_ref idref="fl-2"/>
      </object_component>
      <object_component id="oc-1ab">
         <name>.debug_info</name>
         <load_address>0x16bf</load_address>
         <run_address>0x16bf</run_address>
         <size>0x39f</size>
         <input_file_ref idref="fl-2"/>
      </object_component>
      <object_component id="oc-15d">
         <name>.debug_info</name>
         <load_address>0x1a5e</load_address>
         <run_address>0x1a5e</run_address>
         <size>0x19b</size>
         <input_file_ref idref="fl-2"/>
      </object_component>
      <object_component id="oc-e2">
         <name>.debug_info</name>
         <load_address>0x1bf9</load_address>
         <run_address>0x1bf9</run_address>
         <size>0x104</size>
         <input_file_ref idref="fl-2"/>
      </object_component>
      <object_component id="oc-e8">
         <name>.debug_info</name>
         <load_address>0x1cfd</load_address>
         <run_address>0x1cfd</run_address>
         <size>0x118</size>
         <input_file_ref idref="fl-2"/>
      </object_component>
      <object_component id="oc-1fe">
         <name>.debug_info</name>
         <load_address>0x1e15</load_address>
         <run_address>0x1e15</run_address>
         <size>0x26b</size>
         <input_file_ref idref="fl-2"/>
      </object_component>
      <object_component id="oc-185">
         <name>.debug_info</name>
         <load_address>0x2080</load_address>
         <run_address>0x2080</run_address>
         <size>0x70</size>
         <input_file_ref idref="fl-2"/>
      </object_component>
      <object_component id="oc-ca">
         <name>.debug_info</name>
         <load_address>0x20f0</load_address>
         <run_address>0x20f0</run_address>
         <size>0x84</size>
         <input_file_ref idref="fl-2"/>
      </object_component>
      <object_component id="oc-289">
         <name>.debug_info</name>
         <load_address>0x2174</load_address>
         <run_address>0x2174</run_address>
         <size>0x282</size>
         <input_file_ref idref="fl-2"/>
      </object_component>
      <object_component id="oc-2c6">
         <name>.debug_info</name>
         <load_address>0x23f6</load_address>
         <run_address>0x23f6</run_address>
         <size>0x186</size>
         <input_file_ref idref="fl-1d"/>
      </object_component>
      <object_component id="oc-248">
         <name>.debug_info</name>
         <load_address>0x257c</load_address>
         <run_address>0x257c</run_address>
         <size>0x319</size>
         <input_file_ref idref="fl-1d"/>
      </object_component>
      <object_component id="oc-32a">
         <name>.debug_info</name>
         <load_address>0x2895</load_address>
         <run_address>0x2895</run_address>
         <size>0x39</size>
         <input_file_ref idref="fl-1d"/>
      </object_component>
      <object_component id="oc-2c7">
         <name>.debug_info</name>
         <load_address>0x28ce</load_address>
         <run_address>0x28ce</run_address>
         <size>0x39</size>
         <input_file_ref idref="fl-1d"/>
      </object_component>
      <object_component id="oc-360">
         <name>.debug_info</name>
         <load_address>0x2907</load_address>
         <run_address>0x2907</run_address>
         <size>0x182</size>
         <input_file_ref idref="fl-1e"/>
      </object_component>
      <object_component id="oc-31e">
         <name>.debug_info</name>
         <load_address>0x2a89</load_address>
         <run_address>0x2a89</run_address>
         <size>0x101</size>
         <input_file_ref idref="fl-1e"/>
      </object_component>
      <object_component id="oc-321">
         <name>.debug_info</name>
         <load_address>0x2b8a</load_address>
         <run_address>0x2b8a</run_address>
         <size>0x101</size>
         <input_file_ref idref="fl-1e"/>
      </object_component>
      <object_component id="oc-324">
         <name>.debug_info</name>
         <load_address>0x2c8b</load_address>
         <run_address>0x2c8b</run_address>
         <size>0xf9</size>
         <input_file_ref idref="fl-1e"/>
      </object_component>
      <object_component id="oc-2bb">
         <name>.debug_info</name>
         <load_address>0x2d84</load_address>
         <run_address>0x2d84</run_address>
         <size>0x5e4</size>
         <input_file_ref idref="fl-1e"/>
      </object_component>
      <object_component id="oc-221">
         <name>.debug_info</name>
         <load_address>0x3368</load_address>
         <run_address>0x3368</run_address>
         <size>0x120</size>
         <input_file_ref idref="fl-1f"/>
      </object_component>
      <object_component id="oc-c2">
         <name>.debug_info</name>
         <load_address>0x3488</load_address>
         <run_address>0x3488</run_address>
         <size>0x12e</size>
         <input_file_ref idref="fl-20"/>
      </object_component>
      <object_component id="oc-de">
         <name>.debug_info</name>
         <load_address>0x35b6</load_address>
         <run_address>0x35b6</run_address>
         <size>0x10f</size>
         <input_file_ref idref="fl-2c"/>
      </object_component>
      <object_component id="oc-b7">
         <name>.debug_info</name>
         <load_address>0x36c5</load_address>
         <run_address>0x36c5</run_address>
         <size>0x120</size>
         <input_file_ref idref="fl-2d"/>
      </object_component>
      <object_component id="oc-bc">
         <name>.debug_info</name>
         <load_address>0x37e5</load_address>
         <run_address>0x37e5</run_address>
         <size>0x120</size>
         <input_file_ref idref="fl-2e"/>
      </object_component>
      <object_component id="oc-b2">
         <name>.debug_info</name>
         <load_address>0x3905</load_address>
         <run_address>0x3905</run_address>
         <size>0x100</size>
         <input_file_ref idref="fl-2f"/>
      </object_component>
      <object_component id="oc-100">
         <name>.debug_info</name>
         <load_address>0x3a05</load_address>
         <run_address>0x3a05</run_address>
         <size>0x17a</size>
         <input_file_ref idref="fl-2f"/>
      </object_component>
      <object_component id="oc-26f">
         <name>.debug_info</name>
         <load_address>0x3b7f</load_address>
         <run_address>0x3b7f</run_address>
         <size>0x3de</size>
         <input_file_ref idref="fl-30"/>
      </object_component>
      <object_component id="oc-1cd">
         <name>.debug_info</name>
         <load_address>0x3f5d</load_address>
         <run_address>0x3f5d</run_address>
         <size>0x1e0</size>
         <input_file_ref idref="fl-30"/>
      </object_component>
      <object_component id="oc-2e6">
         <name>.debug_info</name>
         <load_address>0x413d</load_address>
         <run_address>0x413d</run_address>
         <size>0x39</size>
         <input_file_ref idref="fl-30"/>
      </object_component>
      <object_component id="oc-2f7">
         <name>.debug_info</name>
         <load_address>0x4176</load_address>
         <run_address>0x4176</run_address>
         <size>0x2c</size>
         <input_file_ref idref="fl-30"/>
      </object_component>
      <object_component id="oc-27a">
         <name>.debug_info</name>
         <load_address>0x41a2</load_address>
         <run_address>0x41a2</run_address>
         <size>0x2c</size>
         <input_file_ref idref="fl-30"/>
      </object_component>
      <object_component id="oc-2eb">
         <name>.debug_info</name>
         <load_address>0x41ce</load_address>
         <run_address>0x41ce</run_address>
         <size>0xcd</size>
         <input_file_ref idref="fl-30"/>
      </object_component>
      <object_component id="oc-154">
         <name>.debug_info</name>
         <load_address>0x429b</load_address>
         <run_address>0x429b</run_address>
         <size>0x175</size>
         <input_file_ref idref="fl-31"/>
      </object_component>
      <object_component id="oc-ee">
         <name>.debug_info</name>
         <load_address>0x4410</load_address>
         <run_address>0x4410</run_address>
         <size>0x1d2</size>
         <input_file_ref idref="fl-31"/>
      </object_component>
      <object_component id="oc-14f">
         <name>.debug_info</name>
         <load_address>0x45e2</load_address>
         <run_address>0x45e2</run_address>
         <size>0x46</size>
         <input_file_ref idref="fl-31"/>
      </object_component>
      <object_component id="oc-136">
         <name>.debug_info</name>
         <load_address>0x4628</load_address>
         <run_address>0x4628</run_address>
         <size>0x2c</size>
         <input_file_ref idref="fl-31"/>
      </object_component>
      <object_component id="oc-15a">
         <name>.debug_info</name>
         <load_address>0x4654</load_address>
         <run_address>0x4654</run_address>
         <size>0x153</size>
         <input_file_ref idref="fl-35"/>
      </object_component>
      <object_component id="oc-269">
         <name>.debug_info</name>
         <load_address>0x47a7</load_address>
         <run_address>0x47a7</run_address>
         <size>0x150</size>
         <input_file_ref idref="fl-36"/>
      </object_component>
      <object_component id="oc-db">
         <name>.debug_info</name>
         <load_address>0x48f7</load_address>
         <run_address>0x48f7</run_address>
         <size>0x180</size>
         <input_file_ref idref="fl-37"/>
      </object_component>
      <object_component id="oc-3d">
         <name>.debug_info</name>
         <load_address>0x4a77</load_address>
         <run_address>0x4a77</run_address>
         <size>0x1ea</size>
         <input_file_ref idref="fl-37"/>
      </object_component>
      <object_component id="oc-d6">
         <name>.debug_info</name>
         <load_address>0x4c61</load_address>
         <run_address>0x4c61</run_address>
         <size>0x46</size>
         <input_file_ref idref="fl-37"/>
      </object_component>
      <object_component id="oc-13b">
         <name>.debug_info</name>
         <load_address>0x4ca7</load_address>
         <run_address>0x4ca7</run_address>
         <size>0x2c</size>
         <input_file_ref idref="fl-37"/>
      </object_component>
      <object_component id="oc-133">
         <name>.debug_info</name>
         <load_address>0x4cd3</load_address>
         <run_address>0x4cd3</run_address>
         <size>0x176</size>
         <input_file_ref idref="fl-38"/>
      </object_component>
      <object_component id="oc-37">
         <name>.debug_info</name>
         <load_address>0x4e49</load_address>
         <run_address>0x4e49</run_address>
         <size>0x292</size>
         <input_file_ref idref="fl-38"/>
      </object_component>
      <object_component id="oc-c5">
         <name>.debug_info</name>
         <load_address>0x50db</load_address>
         <run_address>0x50db</run_address>
         <size>0x60</size>
         <input_file_ref idref="fl-38"/>
      </object_component>
      <object_component id="oc-178">
         <name>.debug_info</name>
         <load_address>0x513b</load_address>
         <run_address>0x513b</run_address>
         <size>0x46</size>
         <input_file_ref idref="fl-38"/>
      </object_component>
      <object_component id="oc-12e">
         <name>.debug_info</name>
         <load_address>0x5181</load_address>
         <run_address>0x5181</run_address>
         <size>0x39</size>
         <input_file_ref idref="fl-38"/>
      </object_component>
      <object_component id="oc-318">
         <name>.debug_info</name>
         <load_address>0x51ba</load_address>
         <run_address>0x51ba</run_address>
         <size>0x1a7</size>
         <input_file_ref idref="fl-39"/>
      </object_component>
      <object_component id="oc-2a9">
         <name>.debug_info</name>
         <load_address>0x5361</load_address>
         <run_address>0x5361</run_address>
         <size>0x257</size>
         <input_file_ref idref="fl-39"/>
      </object_component>
      <object_component id="oc-2a1">
         <name>.debug_info</name>
         <load_address>0x55b8</load_address>
         <run_address>0x55b8</run_address>
         <size>0x94</size>
         <input_file_ref idref="fl-39"/>
      </object_component>
      <object_component id="oc-233">
         <name>.debug_info</name>
         <load_address>0x564c</load_address>
         <run_address>0x564c</run_address>
         <size>0x1af</size>
         <input_file_ref idref="fl-3a"/>
      </object_component>
      <object_component id="oc-2b6">
         <name>.debug_info</name>
         <load_address>0x57fb</load_address>
         <run_address>0x57fb</run_address>
         <size>0x1a2</size>
         <input_file_ref idref="fl-3b"/>
      </object_component>
      <object_component id="oc-23f">
         <name>.debug_info</name>
         <load_address>0x599d</load_address>
         <run_address>0x599d</run_address>
         <size>0x28a</size>
         <input_file_ref idref="fl-3b"/>
      </object_component>
      <object_component id="oc-227">
         <name>.debug_info</name>
         <load_address>0x5c27</load_address>
         <run_address>0x5c27</run_address>
         <size>0x166</size>
         <input_file_ref idref="fl-3c"/>
      </object_component>
      <object_component id="oc-302">
         <name>.debug_info</name>
         <load_address>0x5d8d</load_address>
         <run_address>0x5d8d</run_address>
         <size>0x16b</size>
         <input_file_ref idref="fl-3d"/>
      </object_component>
      <object_component id="oc-296">
         <name>.debug_info</name>
         <load_address>0x5ef8</load_address>
         <run_address>0x5ef8</run_address>
         <size>0x21b</size>
         <input_file_ref idref="fl-3d"/>
      </object_component>
      <object_component id="oc-359">
         <name>.debug_info</name>
         <load_address>0x6113</load_address>
         <run_address>0x6113</run_address>
         <size>0x1a0</size>
         <input_file_ref idref="fl-3e"/>
      </object_component>
      <object_component id="oc-314">
         <name>.debug_info</name>
         <load_address>0x62b3</load_address>
         <run_address>0x62b3</run_address>
         <size>0x329</size>
         <input_file_ref idref="fl-3e"/>
      </object_component>
      <object_component id="oc-31a">
         <name>.debug_info</name>
         <load_address>0x65dc</load_address>
         <run_address>0x65dc</run_address>
         <size>0x172</size>
         <input_file_ref idref="fl-3f"/>
      </object_component>
      <object_component id="oc-2b0">
         <name>.debug_info</name>
         <load_address>0x674e</load_address>
         <run_address>0x674e</run_address>
         <size>0x5cf</size>
         <input_file_ref idref="fl-3f"/>
      </object_component>
      <object_component id="oc-2a6">
         <name>.debug_info</name>
         <load_address>0x6d1d</load_address>
         <run_address>0x6d1d</run_address>
         <size>0x1a2</size>
         <input_file_ref idref="fl-40"/>
      </object_component>
      <object_component id="oc-22d">
         <name>.debug_info</name>
         <load_address>0x6ebf</load_address>
         <run_address>0x6ebf</run_address>
         <size>0x2e0</size>
         <input_file_ref idref="fl-40"/>
      </object_component>
      <object_component id="oc-2c3">
         <name>.debug_info</name>
         <load_address>0x719f</load_address>
         <run_address>0x719f</run_address>
         <size>0x158</size>
         <input_file_ref idref="fl-41"/>
      </object_component>
      <object_component id="oc-369">
         <name>.debug_info</name>
         <load_address>0x72f7</load_address>
         <run_address>0x72f7</run_address>
         <size>0x172</size>
         <input_file_ref idref="fl-42"/>
      </object_component>
      <object_component id="oc-354">
         <name>.debug_info</name>
         <load_address>0x7469</load_address>
         <run_address>0x7469</run_address>
         <size>0x1f9</size>
         <input_file_ref idref="fl-42"/>
      </object_component>
      <object_component id="oc-23b">
         <name>.debug_info</name>
         <load_address>0x7662</load_address>
         <run_address>0x7662</run_address>
         <size>0x18d</size>
         <input_file_ref idref="fl-43"/>
      </object_component>
      <object_component id="oc-254">
         <name>.debug_info</name>
         <load_address>0x77ef</load_address>
         <run_address>0x77ef</run_address>
         <size>0x165</size>
         <input_file_ref idref="fl-44"/>
      </object_component>
      <object_component id="oc-1b1">
         <name>.debug_info</name>
         <load_address>0x7954</load_address>
         <run_address>0x7954</run_address>
         <size>0x1d8</size>
         <input_file_ref idref="fl-44"/>
      </object_component>
      <object_component id="oc-1bf">
         <name>.debug_info</name>
         <load_address>0x7b2c</load_address>
         <run_address>0x7b2c</run_address>
         <size>0x122</size>
         <input_file_ref idref="fl-45"/>
      </object_component>
      <object_component id="oc-135">
         <name>.debug_info</name>
         <load_address>0x7c4e</load_address>
         <run_address>0x7c4e</run_address>
         <size>0x181</size>
         <input_file_ref idref="fl-48"/>
      </object_component>
      <object_component id="oc-d2">
         <name>.debug_info</name>
         <load_address>0x7dcf</load_address>
         <run_address>0x7dcf</run_address>
         <size>0x17a</size>
         <input_file_ref idref="fl-48"/>
      </object_component>
      <object_component id="oc-350">
         <name>.debug_info</name>
         <load_address>0x7f49</load_address>
         <run_address>0x7f49</run_address>
         <size>0x120</size>
         <input_file_ref idref="fl-49"/>
      </object_component>
      <object_component id="oc-304">
         <name>.debug_info</name>
         <load_address>0x8069</load_address>
         <run_address>0x8069</run_address>
         <size>0x126</size>
         <input_file_ref idref="fl-49"/>
      </object_component>
      <object_component id="oc-344">
         <name>.debug_info</name>
         <load_address>0x818f</load_address>
         <run_address>0x818f</run_address>
         <size>0x120</size>
         <input_file_ref idref="fl-4a"/>
      </object_component>
      <object_component id="oc-250">
         <name>.debug_info</name>
         <load_address>0x82af</load_address>
         <run_address>0x82af</run_address>
         <size>0x126</size>
         <input_file_ref idref="fl-4a"/>
      </object_component>
      <object_component id="oc-349">
         <name>.debug_info</name>
         <load_address>0x83d5</load_address>
         <run_address>0x83d5</run_address>
         <size>0x120</size>
         <input_file_ref idref="fl-4b"/>
      </object_component>
      <object_component id="oc-2fd">
         <name>.debug_info</name>
         <load_address>0x84f5</load_address>
         <run_address>0x84f5</run_address>
         <size>0x126</size>
         <input_file_ref idref="fl-4b"/>
      </object_component>
      <object_component id="oc-2f3">
         <name>.debug_info</name>
         <load_address>0x861b</load_address>
         <run_address>0x861b</run_address>
         <size>0x121</size>
         <input_file_ref idref="fl-4c"/>
      </object_component>
      <object_component id="oc-30b">
         <name>.debug_info</name>
         <load_address>0x873c</load_address>
         <run_address>0x873c</run_address>
         <size>0x121</size>
         <input_file_ref idref="fl-4d"/>
      </object_component>
      <object_component id="oc-30e">
         <name>.debug_info</name>
         <load_address>0x885d</load_address>
         <run_address>0x885d</run_address>
         <size>0x172</size>
         <input_file_ref idref="fl-4f"/>
      </object_component>
      <object_component id="oc-29b">
         <name>.debug_info</name>
         <load_address>0x89cf</load_address>
         <run_address>0x89cf</run_address>
         <size>0x3ab</size>
         <input_file_ref idref="fl-4f"/>
      </object_component>
      <object_component id="oc-3b4">
         <name>.debug_info</name>
         <load_address>0x8d7a</load_address>
         <run_address>0x8d7a</run_address>
         <size>0x9d</size>
      </object_component>
      <object_component id="oc-1fd">
         <name>.debug_line</name>
         <load_address>0x0</load_address>
         <run_address>0x0</run_address>
         <size>0xb8</size>
         <input_file_ref idref="fl-2"/>
      </object_component>
      <object_component id="oc-182">
         <name>.debug_line</name>
         <load_address>0xb8</load_address>
         <run_address>0xb8</run_address>
         <size>0x2d</size>
         <input_file_ref idref="fl-2"/>
      </object_component>
      <object_component id="oc-2b8">
         <name>.debug_line</name>
         <load_address>0xe5</load_address>
         <run_address>0xe5</run_address>
         <size>0x2d</size>
         <input_file_ref idref="fl-2"/>
      </object_component>
      <object_component id="oc-20f">
         <name>.debug_line</name>
         <load_address>0x112</load_address>
         <run_address>0x112</run_address>
         <size>0x83</size>
         <input_file_ref idref="fl-2"/>
      </object_component>
      <object_component id="oc-14b">
         <name>.debug_line</name>
         <load_address>0x195</load_address>
         <run_address>0x195</run_address>
         <size>0x55</size>
         <input_file_ref idref="fl-2"/>
      </object_component>
      <object_component id="oc-217">
         <name>.debug_line</name>
         <load_address>0x1ea</load_address>
         <run_address>0x1ea</run_address>
         <size>0x89</size>
         <input_file_ref idref="fl-2"/>
      </object_component>
      <object_component id="oc-21e">
         <name>.debug_line</name>
         <load_address>0x273</load_address>
         <run_address>0x273</run_address>
         <size>0x9a</size>
         <input_file_ref idref="fl-2"/>
      </object_component>
      <object_component id="oc-1ba">
         <name>.debug_line</name>
         <load_address>0x30d</load_address>
         <run_address>0x30d</run_address>
         <size>0xca</size>
         <input_file_ref idref="fl-2"/>
      </object_component>
      <object_component id="oc-1a9">
         <name>.debug_line</name>
         <load_address>0x3d7</load_address>
         <run_address>0x3d7</run_address>
         <size>0xd3</size>
         <input_file_ref idref="fl-2"/>
      </object_component>
      <object_component id="oc-194">
         <name>.debug_line</name>
         <load_address>0x4aa</load_address>
         <run_address>0x4aa</run_address>
         <size>0x55</size>
         <input_file_ref idref="fl-2"/>
      </object_component>
      <object_component id="oc-19a">
         <name>.debug_line</name>
         <load_address>0x4ff</load_address>
         <run_address>0x4ff</run_address>
         <size>0x47</size>
         <input_file_ref idref="fl-2"/>
      </object_component>
      <object_component id="oc-209">
         <name>.debug_line</name>
         <load_address>0x546</load_address>
         <run_address>0x546</run_address>
         <size>0x88</size>
         <input_file_ref idref="fl-2"/>
      </object_component>
      <object_component id="oc-1a2">
         <name>.debug_line</name>
         <load_address>0x5ce</load_address>
         <run_address>0x5ce</run_address>
         <size>0x4f</size>
         <input_file_ref idref="fl-2"/>
      </object_component>
      <object_component id="oc-1ae">
         <name>.debug_line</name>
         <load_address>0x61d</load_address>
         <run_address>0x61d</run_address>
         <size>0x11c</size>
         <input_file_ref idref="fl-2"/>
      </object_component>
      <object_component id="oc-160">
         <name>.debug_line</name>
         <load_address>0x739</load_address>
         <run_address>0x739</run_address>
         <size>0x86</size>
         <input_file_ref idref="fl-2"/>
      </object_component>
      <object_component id="oc-e5">
         <name>.debug_line</name>
         <load_address>0x7bf</load_address>
         <run_address>0x7bf</run_address>
         <size>0x44</size>
         <input_file_ref idref="fl-2"/>
      </object_component>
      <object_component id="oc-eb">
         <name>.debug_line</name>
         <load_address>0x803</load_address>
         <run_address>0x803</run_address>
         <size>0x51</size>
         <input_file_ref idref="fl-2"/>
      </object_component>
      <object_component id="oc-201">
         <name>.debug_line</name>
         <load_address>0x854</load_address>
         <run_address>0x854</run_address>
         <size>0x74</size>
         <input_file_ref idref="fl-2"/>
      </object_component>
      <object_component id="oc-188">
         <name>.debug_line</name>
         <load_address>0x8c8</load_address>
         <run_address>0x8c8</run_address>
         <size>0x2d</size>
         <input_file_ref idref="fl-2"/>
      </object_component>
      <object_component id="oc-cd">
         <name>.debug_line</name>
         <load_address>0x8f5</load_address>
         <run_address>0x8f5</run_address>
         <size>0x20</size>
         <input_file_ref idref="fl-2"/>
      </object_component>
      <object_component id="oc-28c">
         <name>.debug_line</name>
         <load_address>0x915</load_address>
         <run_address>0x915</run_address>
         <size>0x78</size>
         <input_file_ref idref="fl-2"/>
      </object_component>
      <object_component id="oc-329">
         <name>.debug_line</name>
         <load_address>0x98d</load_address>
         <run_address>0x98d</run_address>
         <size>0x2a</size>
         <input_file_ref idref="fl-1d"/>
      </object_component>
      <object_component id="oc-24b">
         <name>.debug_line</name>
         <load_address>0x9b7</load_address>
         <run_address>0x9b7</run_address>
         <size>0x99</size>
         <input_file_ref idref="fl-1d"/>
      </object_component>
      <object_component id="oc-32d">
         <name>.debug_line</name>
         <load_address>0xa50</load_address>
         <run_address>0xa50</run_address>
         <size>0x9a</size>
         <input_file_ref idref="fl-1d"/>
      </object_component>
      <object_component id="oc-2ca">
         <name>.debug_line</name>
         <load_address>0xaea</load_address>
         <run_address>0xaea</run_address>
         <size>0x97</size>
         <input_file_ref idref="fl-1d"/>
      </object_component>
      <object_component id="oc-36d">
         <name>.debug_line</name>
         <load_address>0xb81</load_address>
         <run_address>0xb81</run_address>
         <size>0x20</size>
         <input_file_ref idref="fl-1e"/>
      </object_component>
      <object_component id="oc-35f">
         <name>.debug_line</name>
         <load_address>0xba1</load_address>
         <run_address>0xba1</run_address>
         <size>0x2c</size>
         <input_file_ref idref="fl-1e"/>
      </object_component>
      <object_component id="oc-362">
         <name>.debug_line</name>
         <load_address>0xbcd</load_address>
         <run_address>0xbcd</run_address>
         <size>0x2c</size>
         <input_file_ref idref="fl-1e"/>
      </object_component>
      <object_component id="oc-364">
         <name>.debug_line</name>
         <load_address>0xbf9</load_address>
         <run_address>0xbf9</run_address>
         <size>0x2c</size>
         <input_file_ref idref="fl-1e"/>
      </object_component>
      <object_component id="oc-2be">
         <name>.debug_line</name>
         <load_address>0xc25</load_address>
         <run_address>0xc25</run_address>
         <size>0x163</size>
         <input_file_ref idref="fl-1e"/>
      </object_component>
      <object_component id="oc-224">
         <name>.debug_line</name>
         <load_address>0xd88</load_address>
         <run_address>0xd88</run_address>
         <size>0x4e</size>
         <input_file_ref idref="fl-1f"/>
      </object_component>
      <object_component id="oc-c1">
         <name>.debug_line</name>
         <load_address>0xdd6</load_address>
         <run_address>0xdd6</run_address>
         <size>0x40</size>
         <input_file_ref idref="fl-20"/>
      </object_component>
      <object_component id="oc-e0">
         <name>.debug_line</name>
         <load_address>0xe16</load_address>
         <run_address>0xe16</run_address>
         <size>0x3d</size>
         <input_file_ref idref="fl-2c"/>
      </object_component>
      <object_component id="oc-b6">
         <name>.debug_line</name>
         <load_address>0xe53</load_address>
         <run_address>0xe53</run_address>
         <size>0x4e</size>
         <input_file_ref idref="fl-2d"/>
      </object_component>
      <object_component id="oc-be">
         <name>.debug_line</name>
         <load_address>0xea1</load_address>
         <run_address>0xea1</run_address>
         <size>0x5e</size>
         <input_file_ref idref="fl-2e"/>
      </object_component>
      <object_component id="oc-12a">
         <name>.debug_line</name>
         <load_address>0xeff</load_address>
         <run_address>0xeff</run_address>
         <size>0x2a</size>
         <input_file_ref idref="fl-2f"/>
      </object_component>
      <object_component id="oc-103">
         <name>.debug_line</name>
         <load_address>0xf29</load_address>
         <run_address>0xf29</run_address>
         <size>0x46</size>
         <input_file_ref idref="fl-2f"/>
      </object_component>
      <object_component id="oc-2e5">
         <name>.debug_line</name>
         <load_address>0xf6f</load_address>
         <run_address>0xf6f</run_address>
         <size>0xbf</size>
         <input_file_ref idref="fl-30"/>
      </object_component>
      <object_component id="oc-1ca">
         <name>.debug_line</name>
         <load_address>0x102e</load_address>
         <run_address>0x102e</run_address>
         <size>0x73</size>
         <input_file_ref idref="fl-30"/>
      </object_component>
      <object_component id="oc-2e9">
         <name>.debug_line</name>
         <load_address>0x10a1</load_address>
         <run_address>0x10a1</run_address>
         <size>0x2e</size>
         <input_file_ref idref="fl-30"/>
      </object_component>
      <object_component id="oc-2fa">
         <name>.debug_line</name>
         <load_address>0x10cf</load_address>
         <run_address>0x10cf</run_address>
         <size>0x9a</size>
         <input_file_ref idref="fl-30"/>
      </object_component>
      <object_component id="oc-27d">
         <name>.debug_line</name>
         <load_address>0x1169</load_address>
         <run_address>0x1169</run_address>
         <size>0x97</size>
         <input_file_ref idref="fl-30"/>
      </object_component>
      <object_component id="oc-2ee">
         <name>.debug_line</name>
         <load_address>0x1200</load_address>
         <run_address>0x1200</run_address>
         <size>0x93</size>
         <input_file_ref idref="fl-30"/>
      </object_component>
      <object_component id="oc-18e">
         <name>.debug_line</name>
         <load_address>0x1293</load_address>
         <run_address>0x1293</run_address>
         <size>0x20</size>
         <input_file_ref idref="fl-31"/>
      </object_component>
      <object_component id="oc-f1">
         <name>.debug_line</name>
         <load_address>0x12b3</load_address>
         <run_address>0x12b3</run_address>
         <size>0x4f</size>
         <input_file_ref idref="fl-31"/>
      </object_component>
      <object_component id="oc-152">
         <name>.debug_line</name>
         <load_address>0x1302</load_address>
         <run_address>0x1302</run_address>
         <size>0x34</size>
         <input_file_ref idref="fl-31"/>
      </object_component>
      <object_component id="oc-139">
         <name>.debug_line</name>
         <load_address>0x1336</load_address>
         <run_address>0x1336</run_address>
         <size>0x92</size>
         <input_file_ref idref="fl-31"/>
      </object_component>
      <object_component id="oc-157">
         <name>.debug_line</name>
         <load_address>0x13c8</load_address>
         <run_address>0x13c8</run_address>
         <size>0x3e</size>
         <input_file_ref idref="fl-35"/>
      </object_component>
      <object_component id="oc-26d">
         <name>.debug_line</name>
         <load_address>0x1406</load_address>
         <run_address>0x1406</run_address>
         <size>0x3a</size>
         <input_file_ref idref="fl-36"/>
      </object_component>
      <object_component id="oc-141">
         <name>.debug_line</name>
         <load_address>0x1440</load_address>
         <run_address>0x1440</run_address>
         <size>0x20</size>
         <input_file_ref idref="fl-37"/>
      </object_component>
      <object_component id="oc-3b">
         <name>.debug_line</name>
         <load_address>0x1460</load_address>
         <run_address>0x1460</run_address>
         <size>0x50</size>
         <input_file_ref idref="fl-37"/>
      </object_component>
      <object_component id="oc-d9">
         <name>.debug_line</name>
         <load_address>0x14b0</load_address>
         <run_address>0x14b0</run_address>
         <size>0x3a</size>
         <input_file_ref idref="fl-37"/>
      </object_component>
      <object_component id="oc-13e">
         <name>.debug_line</name>
         <load_address>0x14ea</load_address>
         <run_address>0x14ea</run_address>
         <size>0x92</size>
         <input_file_ref idref="fl-37"/>
      </object_component>
      <object_component id="oc-17e">
         <name>.debug_line</name>
         <load_address>0x157c</load_address>
         <run_address>0x157c</run_address>
         <size>0x20</size>
         <input_file_ref idref="fl-38"/>
      </object_component>
      <object_component id="oc-35">
         <name>.debug_line</name>
         <load_address>0x159c</load_address>
         <run_address>0x159c</run_address>
         <size>0x92</size>
         <input_file_ref idref="fl-38"/>
      </object_component>
      <object_component id="oc-c8">
         <name>.debug_line</name>
         <load_address>0x162e</load_address>
         <run_address>0x162e</run_address>
         <size>0x3a</size>
         <input_file_ref idref="fl-38"/>
      </object_component>
      <object_component id="oc-17b">
         <name>.debug_line</name>
         <load_address>0x1668</load_address>
         <run_address>0x1668</run_address>
         <size>0x9a</size>
         <input_file_ref idref="fl-38"/>
      </object_component>
      <object_component id="oc-131">
         <name>.debug_line</name>
         <load_address>0x1702</load_address>
         <run_address>0x1702</run_address>
         <size>0x96</size>
         <input_file_ref idref="fl-38"/>
      </object_component>
      <object_component id="oc-35b">
         <name>.debug_line</name>
         <load_address>0x1798</load_address>
         <run_address>0x1798</run_address>
         <size>0x2d</size>
         <input_file_ref idref="fl-39"/>
      </object_component>
      <object_component id="oc-2ac">
         <name>.debug_line</name>
         <load_address>0x17c5</load_address>
         <run_address>0x17c5</run_address>
         <size>0xcb</size>
         <input_file_ref idref="fl-39"/>
      </object_component>
      <object_component id="oc-2a4">
         <name>.debug_line</name>
         <load_address>0x1890</load_address>
         <run_address>0x1890</run_address>
         <size>0x2e</size>
         <input_file_ref idref="fl-39"/>
      </object_component>
      <object_component id="oc-236">
         <name>.debug_line</name>
         <load_address>0x18be</load_address>
         <run_address>0x18be</run_address>
         <size>0x75</size>
         <input_file_ref idref="fl-3a"/>
      </object_component>
      <object_component id="oc-31c">
         <name>.debug_line</name>
         <load_address>0x1933</load_address>
         <run_address>0x1933</run_address>
         <size>0x2d</size>
         <input_file_ref idref="fl-3b"/>
      </object_component>
      <object_component id="oc-242">
         <name>.debug_line</name>
         <load_address>0x1960</load_address>
         <run_address>0x1960</run_address>
         <size>0xe9</size>
         <input_file_ref idref="fl-3b"/>
      </object_component>
      <object_component id="oc-22b">
         <name>.debug_line</name>
         <load_address>0x1a49</load_address>
         <run_address>0x1a49</run_address>
         <size>0x3d</size>
         <input_file_ref idref="fl-3c"/>
      </object_component>
      <object_component id="oc-33e">
         <name>.debug_line</name>
         <load_address>0x1a86</load_address>
         <run_address>0x1a86</run_address>
         <size>0x20</size>
         <input_file_ref idref="fl-3d"/>
      </object_component>
      <object_component id="oc-295">
         <name>.debug_line</name>
         <load_address>0x1aa6</load_address>
         <run_address>0x1aa6</run_address>
         <size>0x81</size>
         <input_file_ref idref="fl-3d"/>
      </object_component>
      <object_component id="oc-36b">
         <name>.debug_line</name>
         <load_address>0x1b27</load_address>
         <run_address>0x1b27</run_address>
         <size>0x2d</size>
         <input_file_ref idref="fl-3e"/>
      </object_component>
      <object_component id="oc-313">
         <name>.debug_line</name>
         <load_address>0x1b54</load_address>
         <run_address>0x1b54</run_address>
         <size>0xfd</size>
         <input_file_ref idref="fl-3e"/>
      </object_component>
      <object_component id="oc-35d">
         <name>.debug_line</name>
         <load_address>0x1c51</load_address>
         <run_address>0x1c51</run_address>
         <size>0x20</size>
         <input_file_ref idref="fl-3f"/>
      </object_component>
      <object_component id="oc-2b4">
         <name>.debug_line</name>
         <load_address>0x1c71</load_address>
         <run_address>0x1c71</run_address>
         <size>0xdc</size>
         <input_file_ref idref="fl-3f"/>
      </object_component>
      <object_component id="oc-310">
         <name>.debug_line</name>
         <load_address>0x1d4d</load_address>
         <run_address>0x1d4d</run_address>
         <size>0x2d</size>
         <input_file_ref idref="fl-40"/>
      </object_component>
      <object_component id="oc-230">
         <name>.debug_line</name>
         <load_address>0x1d7a</load_address>
         <run_address>0x1d7a</run_address>
         <size>0x103</size>
         <input_file_ref idref="fl-40"/>
      </object_component>
      <object_component id="oc-2c2">
         <name>.debug_line</name>
         <load_address>0x1e7d</load_address>
         <run_address>0x1e7d</run_address>
         <size>0x49</size>
         <input_file_ref idref="fl-41"/>
      </object_component>
      <object_component id="oc-36f">
         <name>.debug_line</name>
         <load_address>0x1ec6</load_address>
         <run_address>0x1ec6</run_address>
         <size>0x20</size>
         <input_file_ref idref="fl-42"/>
      </object_component>
      <object_component id="oc-356">
         <name>.debug_line</name>
         <load_address>0x1ee6</load_address>
         <run_address>0x1ee6</run_address>
         <size>0x82</size>
         <input_file_ref idref="fl-42"/>
      </object_component>
      <object_component id="oc-239">
         <name>.debug_line</name>
         <load_address>0x1f68</load_address>
         <run_address>0x1f68</run_address>
         <size>0x4b</size>
         <input_file_ref idref="fl-43"/>
      </object_component>
      <object_component id="oc-2ce">
         <name>.debug_line</name>
         <load_address>0x1fb3</load_address>
         <run_address>0x1fb3</run_address>
         <size>0x20</size>
         <input_file_ref idref="fl-44"/>
      </object_component>
      <object_component id="oc-1b4">
         <name>.debug_line</name>
         <load_address>0x1fd3</load_address>
         <run_address>0x1fd3</run_address>
         <size>0x69</size>
         <input_file_ref idref="fl-44"/>
      </object_component>
      <object_component id="oc-1be">
         <name>.debug_line</name>
         <load_address>0x203c</load_address>
         <run_address>0x203c</run_address>
         <size>0x3d</size>
         <input_file_ref idref="fl-45"/>
      </object_component>
      <object_component id="oc-180">
         <name>.debug_line</name>
         <load_address>0x2079</load_address>
         <run_address>0x2079</run_address>
         <size>0x20</size>
         <input_file_ref idref="fl-48"/>
      </object_component>
      <object_component id="oc-d4">
         <name>.debug_line</name>
         <load_address>0x2099</load_address>
         <run_address>0x2099</run_address>
         <size>0x42</size>
         <input_file_ref idref="fl-48"/>
      </object_component>
      <object_component id="oc-34e">
         <name>.debug_line</name>
         <load_address>0x20db</load_address>
         <run_address>0x20db</run_address>
         <size>0x3e</size>
         <input_file_ref idref="fl-49"/>
      </object_component>
      <object_component id="oc-307">
         <name>.debug_line</name>
         <load_address>0x2119</load_address>
         <run_address>0x2119</run_address>
         <size>0x56</size>
         <input_file_ref idref="fl-49"/>
      </object_component>
      <object_component id="oc-347">
         <name>.debug_line</name>
         <load_address>0x216f</load_address>
         <run_address>0x216f</run_address>
         <size>0x3e</size>
         <input_file_ref idref="fl-4a"/>
      </object_component>
      <object_component id="oc-24f">
         <name>.debug_line</name>
         <load_address>0x21ad</load_address>
         <run_address>0x21ad</run_address>
         <size>0x56</size>
         <input_file_ref idref="fl-4a"/>
      </object_component>
      <object_component id="oc-34c">
         <name>.debug_line</name>
         <load_address>0x2203</load_address>
         <run_address>0x2203</run_address>
         <size>0x42</size>
         <input_file_ref idref="fl-4b"/>
      </object_component>
      <object_component id="oc-300">
         <name>.debug_line</name>
         <load_address>0x2245</load_address>
         <run_address>0x2245</run_address>
         <size>0x65</size>
         <input_file_ref idref="fl-4b"/>
      </object_component>
      <object_component id="oc-2f1">
         <name>.debug_line</name>
         <load_address>0x22aa</load_address>
         <run_address>0x22aa</run_address>
         <size>0x42</size>
         <input_file_ref idref="fl-4c"/>
      </object_component>
      <object_component id="oc-30a">
         <name>.debug_line</name>
         <load_address>0x22ec</load_address>
         <run_address>0x22ec</run_address>
         <size>0x4b</size>
[...]
      </symbol>
      <symbol id="sm-278">
         <name>__mspabi_func_epilog_6</name>
         <value>0xe8be</value>
         <object_component_ref idref="oc-bf"/>
      </symbol>
      <symbol id="sm-279">
         <name>__mspabi_func_epilog_7</name>
         <value>0xe8bc</value>
         <object_component_ref idref="oc-bf"/>
      </symbol>
      <symbol id="sm-27a">
         <name>__mspabi_func_epilog_4</name>
         <value>0xe8c2</value>
         <object_component_ref idref="oc-bf"/>
      </symbol>
      <symbol id="sm-27b">
         <name>__mspabi_func_epilog_5</name>
         <value>0xe8c0</value>
         <object_component_ref idref="oc-bf"/>
      </symbol>
      <symbol id="sm-27e">
         <name>__TI_int00</name>
         <value>0xffe0</value>
         <object_component_ref idref="oc-40"/>
      </symbol>
      <symbol id="sm-281">
         <name>__TI_int02</name>
         <value>0xffe4</value>
         <object_component_ref idref="oc-41"/>
      </symbol>
      <symbol id="sm-284">
         <name>__TI_int03</name>
         <value>0xffe6</value>
         <object_component_ref idref="oc-42"/>
      </symbol>
      <symbol id="sm-287">
         <name>__TI_int05</name>
         <value>0xffea</value>
         <object_component_ref idref="oc-43"/>
      </symbol>
      <symbol id="sm-28a">
         <name>__TI_int08</name>
         <value>0xfff0</value>
         <object_component_ref idref="oc-46"/>
      </symbol>
      <symbol id="sm-28d">
         <name>__TI_int09</name>
         <value>0xfff2</value>
         <object_component_ref idref="oc-47"/>
      </symbol>
      <symbol id="sm-290">
         <name>__TI_int10</name>
         <value>0xfff4</value>
         <object_component_ref idref="oc-48"/>
      </symbol>
      <symbol id="sm-293">
         <name>__TI_int11</name>
         <value>0xfff6</value>
         <object_component_ref idref="oc-49"/>
      </symbol>
      <symbol id="sm-296">
         <name>__TI_int12</name>
         <value>0xfff8</value>
         <object_component_ref idref="oc-4a"/>
      </symbol>
      <symbol id="sm-299">
         <name>__TI_int13</name>
         <value>0xfffa</value>
         <object_component_ref idref="oc-4b"/>
      </symbol>
      <symbol id="sm-29c">
         <name>__TI_int14</name>
         <value>0xfffc</value>
         <object_component_ref idref="oc-4c"/>
      </symbol>
      <symbol id="sm-2a4">
         <name>__TI_ISR_TRAP</name>
         <value>0xe8e4</value>
         <object_component_ref idref="oc-dc"/>
      </symbol>
      <symbol id="sm-2ac">
         <name>__mspabi_slli</name>
         <value>0xe78a</value>
         <object_component_ref idref="oc-b5"/>
      </symbol>
      <symbol id="sm-2ad">
         <name>__mspabi_slli_9</name>
         <value>0xe7a2</value>
         <object_component_ref idref="oc-b5"/>
      </symbol>
      <symbol id="sm-2ae">
         <name>__mspabi_slli_8</name>
         <value>0xe7a4</value>
         <object_component_ref idref="oc-b5"/>
      </symbol>
      <symbol id="sm-2af">
         <name>__mspabi_slli_7</name>
         <value>0xe7a6</value>
         <object_component_ref idref="oc-b5"/>
      </symbol>
      <symbol id="sm-2b0">
         <name>__mspabi_slli_6</name>
         <value>0xe7a8</value>
         <object_component_ref idref="oc-b5"/>
      </symbol>
      <symbol id="sm-2b1">
         <name>__mspabi_slli_5</name>
         <value>0xe7aa</value>
         <object_component_ref idref="oc-b5"/>
      </symbol>
      <symbol id="sm-2b2">
         <name>__mspabi_slli_4</name>
         <value>0xe7ac</value>
         <object_component_ref idref="oc-b5"/>
      </symbol>
      <symbol id="sm-2b3">
         <name>__mspabi_slli_3</name>
         <value>0xe7ae</value>
         <object_component_ref idref="oc-b5"/>
      </symbol>
      <symbol id="sm-2b4">
         <name>__mspabi_slli_2</name>
         <value>0xe7b0</value>
         <object_component_ref idref="oc-b5"/>
      </symbol>
      <symbol id="sm-2b5">
         <name>__mspabi_slli_1</name>
         <value>0xe7b2</value>
         <object_component_ref idref="oc-b5"/>
      </symbol>
      <symbol id="sm-2b6">
         <name>__mspabi_slli_15</name>
         <value>0xe796</value>
         <object_component_ref idref="oc-b5"/>
      </symbol>
      <symbol id="sm-2b7">
         <name>__mspabi_slli_14</name>
         <value>0xe798</value>
         <object_component_ref idref="oc-b5"/>
      </symbol>
      <symbol id="sm-2b8">
         <name>__mspabi_slli_13</name>
         <value>0xe79a</value>
         <object_component_ref idref="oc-b5"/>
      </symbol>
      <symbol id="sm-2b9">
         <name>__mspabi_slli_12</name>
         <value>0xe79c</value>
         <object_component_ref idref="oc-b5"/>
      </symbol>
      <symbol id="sm-2ba">
         <name>__mspabi_slli_11</name>
         <value>0xe79e</value>
         <object_component_ref idref="oc-b5"/>
      </symbol>
      <symbol id="sm-2bb">
         <name>__mspabi_slli_10</name>
         <value>0xe7a0</value>
         <object_component_ref idref="oc-b5"/>
      </symbol>
      <symbol id="sm-2c3">
         <name>__mspabi_srli_8</name>
         <value>0xe5dc</value>
         <object_component_ref idref="oc-ba"/>
      </symbol>
      <symbol id="sm-2c4">
         <name>__mspabi_srli_9</name>
         <value>0xe5d8</value>
         <object_component_ref idref="oc-ba"/>
      </symbol>
      <symbol id="sm-2c5">
         <name>__mspabi_srli_6</name>
         <value>0xe5e4</value>
         <object_component_ref idref="oc-ba"/>
      </symbol>
      <symbol id="sm-2c6">
         <name>__mspabi_srli_7</name>
         <value>0xe5e0</value>
         <object_component_ref idref="oc-ba"/>
      </symbol>
      <symbol id="sm-2c7">
         <name>__mspabi_srli_4</name>
         <value>0xe5ec</value>
         <object_component_ref idref="oc-ba"/>
      </symbol>
      <symbol id="sm-2c8">
         <name>__mspabi_srli_5</name>
         <value>0xe5e8</value>
         <object_component_ref idref="oc-ba"/>
      </symbol>
      <symbol id="sm-2c9">
         <name>__mspabi_srli_2</name>
         <value>0xe5f4</value>
         <object_component_ref idref="oc-ba"/>
      </symbol>
      <symbol id="sm-2ca">
         <name>__mspabi_srli_3</name>
         <value>0xe5f0</value>
         <object_component_ref idref="oc-ba"/>
      </symbol>
      <symbol id="sm-2cb">
         <name>__mspabi_srli_1</name>
         <value>0xe5f8</value>
         <object_component_ref idref="oc-ba"/>
      </symbol>
      <symbol id="sm-2cc">
         <name>__mspabi_srli</name>
         <value>0xe5b2</value>
         <object_component_ref idref="oc-ba"/>
      </symbol>
      <symbol id="sm-2cd">
         <name>__mspabi_srli_15</name>
         <value>0xe5c0</value>
         <object_component_ref idref="oc-ba"/>
      </symbol>
      <symbol id="sm-2ce">
         <name>__mspabi_srli_14</name>
         <value>0xe5c4</value>
         <object_component_ref idref="oc-ba"/>
      </symbol>
      <symbol id="sm-2cf">
         <name>__mspabi_srli_13</name>
         <value>0xe5c8</value>
         <object_component_ref idref="oc-ba"/>
      </symbol>
      <symbol id="sm-2d0">
         <name>__mspabi_srli_12</name>
         <value>0xe5cc</value>
         <object_component_ref idref="oc-ba"/>
      </symbol>
      <symbol id="sm-2d1">
         <name>__mspabi_srli_11</name>
         <value>0xe5d0</value>
         <object_component_ref idref="oc-ba"/>
      </symbol>
      <symbol id="sm-2d2">
         <name>__mspabi_srli_10</name>
         <value>0xe5d4</value>
         <object_component_ref idref="oc-ba"/>
      </symbol>
      <symbol id="sm-2e2">
         <name>_stack</name>
         <value>0x3b0</value>
         <object_component_ref idref="oc-b1"/>
      </symbol>
      <symbol id="sm-2e3">
         <name>_c_int00_noargs</name>
         <value>0xe806</value>
         <object_component_ref idref="oc-ff"/>
      </symbol>
      <symbol id="sm-2e4">
         <name>_reset_vector</name>
         <value>0xfffe</value>
         <object_component_ref idref="oc-b4"/>
      </symbol>
      <symbol id="sm-306">
         <name>__TI_auto_init_nobinit_nopinit</name>
         <value>0xe5fe</value>
         <object_component_ref idref="oc-1c9"/>
      </symbol>
      <symbol id="sm-31e">
         <name>__TI_zero_init_nomemset</name>
         <value>0xe83e</value>
         <object_component_ref idref="oc-ed"/>
      </symbol>
      <symbol id="sm-32a">
         <name>_system_pre_init</name>
         <value>0xe8f2</value>
         <object_component_ref idref="oc-156"/>
      </symbol>
      <symbol id="sm-333">
         <name>_system_post_cinit</name>
         <value>0xe8f6</value>
         <object_component_ref idref="oc-268"/>
      </symbol>
      <symbol id="sm-349">
         <name>__TI_decompress_none</name>
         <value>0xe866</value>
         <object_component_ref idref="oc-3a"/>
      </symbol>
      <symbol id="sm-36c">
         <name>__TI_decompress_lzss</name>
         <value>0xe418</value>
         <object_component_ref idref="oc-34"/>
      </symbol>
      <symbol id="sm-393">
         <name>__mspabi_addd</name>
         <value>0xcc76</value>
         <object_component_ref idref="oc-2a8"/>
      </symbol>
      <symbol id="sm-3ad">
         <name>__mspabi_cmpd</name>
         <value>0xdda0</value>
         <object_component_ref idref="oc-232"/>
      </symbol>
      <symbol id="sm-3ce">
         <name>__mspabi_divd</name>
         <value>0xd90e</value>
         <object_component_ref idref="oc-23e"/>
      </symbol>
      <symbol id="sm-3d7">
         <name>__mspabi_fltid</name>
         <value>0xe8d8</value>
         <object_component_ref idref="oc-226"/>
      </symbol>
      <symbol id="sm-3ee">
         <name>__mspabi_fltlid</name>
         <value>0xe192</value>
         <object_component_ref idref="oc-293"/>
      </symbol>
      <symbol id="sm-40f">
         <name>__TI_frcaddd</name>
         <value>0xd464</value>
         <object_component_ref idref="oc-311"/>
      </symbol>
      <symbol id="sm-42a">
         <name>__TI_frcdivd</name>
         <value>0xc4b8</value>
         <object_component_ref idref="oc-2af"/>
      </symbol>
      <symbol id="sm-44c">
         <name>__mspabi_mpyd</name>
         <value>0xd1f6</value>
         <object_component_ref idref="oc-22c"/>
      </symbol>
      <symbol id="sm-455">
         <name>__mspabi_negd</name>
         <value>0xe7b6</value>
         <object_component_ref idref="oc-2bf"/>
      </symbol>
      <symbol id="sm-468">
         <name>__TI_renormd</name>
         <value>0xe026</value>
         <object_component_ref idref="oc-352"/>
      </symbol>
      <symbol id="sm-471">
         <name>__mspabi_subd</name>
         <value>0xe730</value>
         <object_component_ref idref="oc-238"/>
      </symbol>
      <symbol id="sm-484">
         <name>__mspabi_cvtdf</name>
         <value>0xe38c</value>
         <object_component_ref idref="oc-1b0"/>
      </symbol>
      <symbol id="sm-48e">
         <name>C$$EXIT</name>
         <value>0xe8ec</value>
         <object_component_ref idref="oc-1bd"/>
      </symbol>
      <symbol id="sm-48f">
         <name>abort</name>
         <value>0xe8ec</value>
         <object_component_ref idref="oc-1bd"/>
      </symbol>
      <symbol id="sm-49f">
         <name>memcpy</name>
         <value>0xe88a</value>
         <object_component_ref idref="oc-cf"/>
      </symbol>
      <symbol id="sm-4af">
         <name>__mspabi_sral</name>
         <value>0xe89c</value>
         <object_component_ref idref="oc-34d"/>
      </symbol>
      <symbol id="sm-4b0">
         <name>__mspabi_sral_15</name>
         <value>0xe67e</value>
         <object_component_ref idref="oc-303"/>
      </symbol>
      <symbol id="sm-4b1">
         <name>__mspabi_sral_14</name>
         <value>0xe682</value>
         <object_component_ref idref="oc-303"/>
      </symbol>
      <symbol id="sm-4b2">
         <name>__mspabi_sral_13</name>
         <value>0xe686</value>
         <object_component_ref idref="oc-303"/>
      </symbol>
      <symbol id="sm-4b3">
         <name>__mspabi_sral_12</name>
         <value>0xe68a</value>
         <object_component_ref idref="oc-303"/>
      </symbol>
      <symbol id="sm-4b4">
         <name>__mspabi_sral_11</name>
         <value>0xe68e</value>
         <object_component_ref idref="oc-303"/>
      </symbol>
      <symbol id="sm-4b5">
         <name>__mspabi_sral_10</name>
         <value>0xe692</value>
         <object_component_ref idref="oc-303"/>
      </symbol>
      <symbol id="sm-4b6">
         <name>__mspabi_sral_8</name>
         <value>0xe69a</value>
         <object_component_ref idref="oc-303"/>
      </symbol>
      <symbol id="sm-4b7">
         <name>__mspabi_sral_9</name>
         <value>0xe696</value>
         <object_component_ref idref="oc-303"/>
      </symbol>
      <symbol id="sm-4b8">
         <name>__mspabi_sral_6</name>
         <value>0xe6a2</value>
         <object_component_ref idref="oc-303"/>
      </symbol>
      <symbol id="sm-4b9">
         <name>__mspabi_sral_7</name>
         <value>0xe69e</value>
         <object_component_ref idref="oc-303"/>
      </symbol>
      <symbol id="sm-4ba">
         <name>__mspabi_sral_4</name>
         <value>0xe6aa</value>
         <object_component_ref idref="oc-303"/>
      </symbol>
      <symbol id="sm-4bb">
         <name>__mspabi_sral_5</name>
         <value>0xe6a6</value>
         <object_component_ref idref="oc-303"/>
      </symbol>
      <symbol id="sm-4bc">
         <name>__mspabi_sral_2</name>
         <value>0xe6b2</value>
         <object_component_ref idref="oc-303"/>
      </symbol>
      <symbol id="sm-4bd">
         <name>__mspabi_sral_3</name>
         <value>0xe6ae</value>
         <object_component_ref idref="oc-303"/>
      </symbol>
      <symbol id="sm-4be">
         <name>__mspabi_sral_1</name>
         <value>0xe6b6</value>
         <object_component_ref idref="oc-303"/>
      </symbol>
      <symbol id="sm-4ce">
         <name>__mspabi_slll_9</name>
         <value>0xe6d4</value>
         <object_component_ref idref="oc-24e"/>
      </symbol>
      <symbol id="sm-4cf">
         <name>__mspabi_slll_8</name>
         <value>0xe6d8</value>
         <object_component_ref idref="oc-24e"/>
      </symbol>
      <symbol id="sm-4d0">
         <name>__mspabi_slll_7</name>
         <value>0xe6dc</value>
         <object_component_ref idref="oc-24e"/>
      </symbol>
      <symbol id="sm-4d1">
         <name>__mspabi_slll_6</name>
         <value>0xe6e0</value>
         <object_component_ref idref="oc-24e"/>
      </symbol>
      <symbol id="sm-4d2">
         <name>__mspabi_slll_5</name>
         <value>0xe6e4</value>
         <object_component_ref idref="oc-24e"/>
      </symbol>
      <symbol id="sm-4d3">
         <name>__mspabi_slll_4</name>
         <value>0xe6e8</value>
         <object_component_ref idref="oc-24e"/>
      </symbol>
      <symbol id="sm-4d4">
         <name>__mspabi_slll_3</name>
         <value>0xe6ec</value>
         <object_component_ref idref="oc-24e"/>
      </symbol>
      <symbol id="sm-4d5">
         <name>__mspabi_slll_2</name>
         <value>0xe6f0</value>
         <object_component_ref idref="oc-24e"/>
      </symbol>
      <symbol id="sm-4d6">
         <name>__mspabi_slll_1</name>
         <value>0xe6f4</value>
         <object_component_ref idref="oc-24e"/>
      </symbol>
      <symbol id="sm-4d7">
         <name>__mspabi_slll</name>
         <value>0xe8ac</value>
         <object_component_ref idref="oc-343"/>
      </symbol>
      <symbol id="sm-4d8">
         <name>__mspabi_slll_15</name>
         <value>0xe6bc</value>
         <object_component_ref idref="oc-24e"/>
      </symbol>
      <symbol id="sm-4d9">
         <name>__mspabi_slll_14</name>
         <value>0xe6c0</value>
         <object_component_ref idref="oc-24e"/>
      </symbol>
      <symbol id="sm-4da">
         <name>__mspabi_slll_13</name>
         <value>0xe6c4</value>
         <object_component_ref idref="oc-24e"/>
      </symbol>
      <symbol id="sm-4db">
         <name>__mspabi_slll_12</name>
         <value>0xe6c8</value>
         <object_component_ref idref="oc-24e"/>
      </symbol>
      <symbol id="sm-4dc">
         <name>__mspabi_slll_11</name>
         <value>0xe6cc</value>
         <object_component_ref idref="oc-24e"/>
      </symbol>
      <symbol id="sm-4dd">
         <name>__mspabi_slll_10</name>
         <value>0xe6d0</value>
         <object_component_ref idref="oc-24e"/>
      </symbol>
      <symbol id="sm-4ed">
         <name>__mspabi_srll_8</name>
         <value>0xe528</value>
         <object_component_ref idref="oc-2fc"/>
      </symbol>
      <symbol id="sm-4ee">
         <name>__mspabi_srll_9</name>
         <value>0xe522</value>
         <object_component_ref idref="oc-2fc"/>
      </symbol>
      <symbol id="sm-4ef">
         <name>__mspabi_srll_6</name>
         <value>0xe534</value>
         <object_component_ref idref="oc-2fc"/>
      </symbol>
      <symbol id="sm-4f0">
         <name>__mspabi_srll_7</name>
         <value>0xe52e</value>
         <object_component_ref idref="oc-2fc"/>
      </symbol>
      <symbol id="sm-4f1">
         <name>__mspabi_srll_4</name>
         <value>0xe540</value>
         <object_component_ref idref="oc-2fc"/>
      </symbol>
      <symbol id="sm-4f2">
         <name>__mspabi_srll_5</name>
         <value>0xe53a</value>
         <object_component_ref idref="oc-2fc"/>
      </symbol>
      <symbol id="sm-4f3">
         <name>__mspabi_srll_2</name>
         <value>0xe54c</value>
         <object_component_ref idref="oc-2fc"/>
      </symbol>
      <symbol id="sm-4f4">
         <name>__mspabi_srll_3</name>
         <value>0xe546</value>
         <object_component_ref idref="oc-2fc"/>
      </symbol>
      <symbol id="sm-4f5">
         <name>__mspabi_srll_1</name>
         <value>0xe552</value>
         <object_component_ref idref="oc-2fc"/>
      </symbol>
      <symbol id="sm-4f6">
         <name>__mspabi_srll_15</name>
         <value>0xe4fe</value>
         <object_component_ref idref="oc-2fc"/>
      </symbol>
      <symbol id="sm-4f7">
         <name>__mspabi_srll_14</name>
         <value>0xe504</value>
         <object_component_ref idref="oc-2fc"/>
      </symbol>
      <symbol id="sm-4f8">
         <name>__mspabi_srll_13</name>
         <value>0xe50a</value>
         <object_component_ref idref="oc-2fc"/>
      </symbol>
      <symbol id="sm-4f9">
         <name>__mspabi_srll_12</name>
         <value>0xe510</value>
         <object_component_ref idref="oc-2fc"/>
      </symbol>
      <symbol id="sm-4fa">
         <name>__mspabi_srll_11</name>
         <value>0xe516</value>
         <object_component_ref idref="oc-2fc"/>
      </symbol>
      <symbol id="sm-4fb">
         <name>__mspabi_srll_10</name>
         <value>0xe51c</value>
         <object_component_ref idref="oc-2fc"/>
      </symbol>
      <symbol id="sm-4fc">
         <name>__mspabi_srll</name>
         <value>0xe878</value>
         <object_component_ref idref="oc-348"/>
      </symbol>
      <symbol id="sm-506">
         <name>__mspabi_mpyi_sw</name>
         <value>0xe852</value>
         <object_component_ref idref="oc-2f0"/>
      </symbol>
      <symbol id="sm-507">
         <name>__mspabi_mpyi</name>
         <value>0xe852</value>
         <object_component_ref idref="oc-2f0"/>
      </symbol>
      <symbol id="sm-511">
         <name>__mspabi_mpyl_sw</name>
         <value>0xe7e0</value>
         <object_component_ref idref="oc-308"/>
      </symbol>
      <symbol id="sm-512">
         <name>__mspabi_mpyl</name>
         <value>0xe7e0</value>
         <object_component_ref idref="oc-308"/>
      </symbol>
      <symbol id="sm-523">
         <name>__TI_frcmpyd</name>
         <value>0xcf70</value>
         <object_component_ref idref="oc-29a"/>
      </symbol>
   </symbol_table>
   <title>Link successful</title>
</link_info>
