******************************************************************************
                  MSP430 Linker PC v20.2.1                     
******************************************************************************
>> Linked Thu May  6 22:31:12 2021

OUTPUT FILE NAME:   <sunsensorV2.out>
ENTRY POINT SYMBOL: "_c_int00_noargs"  address: 0000e4be


MEMORY CONFIGURATION

         name            origin    length      used     unused   attr    fill
----------------------  --------  ---------  --------  --------  ----  --------
  SFR                   00000000   00000010  00000000  00000010  RWIX
  PERIPHERALS_8BIT      00000010   000000f0  00000000  000000f0  RWIX
  PERIPHERALS_16BIT     00000100   00000100  00000000  00000100  RWIX
  RAM                   00000200   00000200  000000d6  0000012a  RWIX
  INFOD                 00001000   00000040  00000000  00000040  RWIX
  INFOC                 00001040   00000040  00000000  00000040  RWIX
  INFOB                 00001080   00000040  00000000  00000040  RWIX
  INFOA                 000010c0   00000040  00000000  00000040  RWIX
  FLASH                 0000c000   00003fde  0000267e  00001960  RWIX
  BSLSIGNATURE          0000ffde   00000002  00000002  00000000  RWIX  ffff 
  INT00                 0000ffe0   00000002  00000002  00000000  RWIX
  INT01                 0000ffe2   00000002  00000000  00000002  RWIX
  INT02                 0000ffe4   00000002  00000002  00000000  RWIX
  INT03                 0000ffe6   00000002  00000002  00000000  RWIX
  INT04                 0000ffe8   00000002  00000000  00000002  RWIX
  INT05                 0000ffea   00000002  00000002  00000000  RWIX
  INT06                 0000ffec   00000002  00000002  00000000  RWIX
  INT07                 0000ffee   00000002  00000002  00000000  RWIX
  INT08                 0000fff0   00000002  00000002  00000000  RWIX
  INT09                 0000fff2   00000002  00000002  00000000  RWIX
  INT10                 0000fff4   00000002  00000002  00000000  RWIX
  INT11                 0000fff6   00000002  00000002  00000000  RWIX
  INT12                 0000fff8   00000002  00000002  00000000  RWIX
  INT13                 0000fffa   00000002  00000002  00000000  RWIX
  INT14                 0000fffc   00000002  00000002  00000000  RWIX
  RESET                 0000fffe   00000002  00000002  00000000  RWIX


SECTION ALLOCATION MAP

 output                                  attributes/
section   page    origin      length       input sections
--------  ----  ----------  ----------   ----------------
.bss       0    00000200    0000005a     UNINITIALIZED
                  00000200    00000032     (.common:finalArray)
                  00000232    0000001e     (.common:dataBuffer)
                  00000250    00000004     (.common:READINGX)
                  00000254    00000004     (.common:READINGY)
                  00000258    00000001     (.common:READING_INDEX_X)
                  00000259    00000001     (.common:READING_INDEX_Y)

.data      0    0000025a    0000002c     UNINITIALIZED
                  0000025a    0000002c     main.obj (.data)

.stack     0    000003b0    00000050     UNINITIALIZED
                  000003b0    00000002     rts430_eabi.lib : boot.c.obj (.stack)
                  000003b2    0000004e     --HOLE--

.text      0    0000c000    000025b0     
                  0000c000    000004b8     rts430_eabi.lib : s_atan.c.obj (.text:atan)
                  0000c4b8    00000478                     : frcdivd.c.obj (.text:__TI_frcdivd)
                  0000c930    000002fa                     : addd.c.obj (.text:__mspabi_addd)
                  0000cc2a    00000286                     : frcmpyd.c.obj (.text:__TI_frcmpyd)
                  0000ceb0    0000026e                     : mpyd.c.obj (.text:__mspabi_mpyd)
                  0000d11e    00000260                     : frcaddd.c.obj (.text:__TI_frcaddd)
                  0000d37e    00000242     main.obj (.text:determineAngle)
                  0000d5c0    00000238     rts430_eabi.lib : divd.c.obj (.text:__mspabi_divd)
                  0000d7f8    00000134     main.obj (.text:readXaxis)
                  0000d92c    00000126     main.obj (.text:readYaxis)
                  0000da52    000000e2     main.obj (.text:main)
                  0000db34    000000dc     rts430_eabi.lib : cmpd.c.obj (.text:__mspabi_cmpd)
                  0000dc10    000000d4     main.obj (.text:readAll)
                  0000dce4    000000be     rts430_eabi.lib : renormd.c.obj (.text:__TI_renormd)
                  0000dda2    000000ae     main.obj (.text:init)
                  0000de50    000000ac     rts430_eabi.lib : fltlid.c.obj (.text:__mspabi_fltlid)
                  0000defc    000000ac     main.obj (.text:sendIntegration)
                  0000dfa8    000000a2     main.obj (.text:setThreshold)
                  0000e04a    0000008c     rts430_eabi.lib : cvtdf.c.obj (.text:__mspabi_cvtdf)
                  0000e0d6    0000007c                     : copy_decompress_lzss.c.obj (.text:decompress:lzss:__TI_decompress_lzss)
                  0000e152    0000006a     main.obj (.text:init_SPI_master)
                  0000e1bc    0000005c     rts430_eabi.lib : lsr32.asm.obj (.text:l_lsr_const)
                  0000e218    00000058     main.obj (.text:initAll)
                  0000e270    0000004c     rts430_eabi.lib : lsr16.asm.obj (.text)
                  0000e2bc    00000042                     : autoinit.c.obj (.text:__TI_auto_init_nobinit_nopinit:__TI_auto_init_nobinit_nopinit)
                  0000e2fe    0000003e                     : asr32.asm.obj (.text:l_asr_const)
                  0000e33c    0000003e                     : lsl32.asm.obj (.text:l_lsl_const)
                  0000e37a    00000038     main.obj (.text:USCIB0RX_ISR)
                  0000e3b2    00000036     main.obj (.text:send_readings)
                  0000e3e8    0000002e     rts430_eabi.lib : subd.c.obj (.text:__mspabi_subd)
                  0000e416    0000002c                     : asr16.asm.obj (.text)
                  0000e442    0000002c                     : lsl16.asm.obj (.text)
                  0000e46e    0000002a                     : negd.c.obj (.text:__mspabi_negd)
                  0000e498    00000026                     : mult32.asm.obj (.text)
                  0000e4be    0000001c                     : boot.c.obj (.text:_c_int00_noargs)
                  0000e4da    0000001c     main.obj (.text:init_SPI_slave)
                  0000e4f6    00000014     rts430_eabi.lib : copy_zero_init.c.obj (.text:decompress:ZI:__TI_zero_init_nomemset:__TI_zero_init_nomemset)
                  0000e50a    00000014                     : mult16.asm.obj (.text)
                  0000e51e    00000012                     : copy_decompress_none.c.obj (.text:decompress:none:__TI_decompress_none)
                  0000e530    00000012                     : lsr32.asm.obj (.text:l_lsr)
                  0000e542    00000012                     : memcpy.c.obj (.text:memcpy)
                  0000e554    00000010                     : asr32.asm.obj (.text:l_asr)
                  0000e564    00000010                     : lsl32.asm.obj (.text:l_lsl)
                  0000e574    00000010                     : epilog.asm.obj (.text)
                  0000e584    0000000c     main.obj (.text:USCIB0TX_ISR)
                  0000e590    0000000c     rts430_eabi.lib : fltid.c.obj (.text:__mspabi_fltid)
                  0000e59c    00000008                     : isr_trap.asm.obj (.text:_isr:__TI_ISR_TRAP)
                  0000e5a4    00000006                     : exit.c.obj (.text:abort)
                  0000e5aa    00000004                     : pre_init.c.obj (.text:_system_pre_init)
                  0000e5ae    00000002                     : startup.c.obj (.text:_system_post_cinit)

.const     0    0000e5b0    000000a0     
                  0000e5b0    00000058     rts430_eabi.lib : s_atan.c.obj (.const:aT)
                  0000e608    00000020                     : s_atan.c.obj (.const:atanhi)
                  0000e628    00000020                     : s_atan.c.obj (.const:atanlo)
                  0000e648    00000008     main.obj (.const)

.cinit     0    0000e650    0000002e     
                  0000e650    0000001b     (.cinit..data.load) [load image, compression = lzss]
                  0000e66b    00000001     --HOLE-- [fill = 0]
                  0000e66c    00000006     (__TI_handler_table)
                  0000e672    00000004     (.cinit..bss.load) [load image, compression = zero_init]
                  0000e676    00000008     (__TI_cinit_table)

.binit     0    0000c000    00000000     

.init_array 
*          0    0000c000    00000000     UNINITIALIZED

TRAPINT    0    0000ffe0    00000002     
                  0000ffe0    00000002     rts430_eabi.lib : int00.asm.obj (.int00)

PORT1      0    0000ffe4    00000002     
                  0000ffe4    00000002     rts430_eabi.lib : int02.asm.obj (.int02)

PORT2      0    0000ffe6    00000002     
                  0000ffe6    00000002     rts430_eabi.lib : int03.asm.obj (.int03)

ADC10      0    0000ffea    00000002     
                  0000ffea    00000002     rts430_eabi.lib : int05.asm.obj (.int05)

USCIAB0TX 
*          0    0000ffec    00000002     
                  0000ffec    00000002     main.obj (.int06)

USCIAB0RX 
*          0    0000ffee    00000002     
                  0000ffee    00000002     main.obj (.int07)

TIMER0_A1 
*          0    0000fff0    00000002     
                  0000fff0    00000002     rts430_eabi.lib : int08.asm.obj (.int08)

TIMER0_A0 
*          0    0000fff2    00000002     
                  0000fff2    00000002     rts430_eabi.lib : int09.asm.obj (.int09)

WDT        0    0000fff4    00000002     
                  0000fff4    00000002     rts430_eabi.lib : int10.asm.obj (.int10)

COMPARATORA 
*          0    0000fff6    00000002     
                  0000fff6    00000002     rts430_eabi.lib : int11.asm.obj (.int11)

TIMER1_A1 
*          0    0000fff8    00000002     
                  0000fff8    00000002     rts430_eabi.lib : int12.asm.obj (.int12)

TIMER1_A0 
*          0    0000fffa    00000002     
                  0000fffa    00000002     rts430_eabi.lib : int13.asm.obj (.int13)

NMI        0    0000fffc    00000002     
                  0000fffc    00000002     rts430_eabi.lib : int14.asm.obj (.int14)

.reset     0    0000fffe    00000002     
                  0000fffe    00000002     rts430_eabi.lib : boot.c.obj (.reset)

$fill000   0    0000ffde    00000002     
                  0000ffde    00000002     --HOLE-- [fill = ffff]

MODULE SUMMARY

       Module                       code   ro data   rw data
       ------                       ----   -------   -------
    .\
       main.obj                     2470   12        134    
    +--+----------------------------+------+---------+---------+
       Total:                       2470   12        134    
                                                            
    C:\Users\George\ccs\tools\compiler\ti-cgt-msp430_20.2.1.LTS\lib\rts430_eabi.lib
       s_atan.c.obj                 1208   152       0      
       frcdivd.c.obj                1144   0         0      
       addd.c.obj                   762    0         0      
       frcmpyd.c.obj                646    0         0      
       mpyd.c.obj                   622    0         0      
       frcaddd.c.obj                608    0         0      
       divd.c.obj                   568    0         0      
       cmpd.c.obj                   220    0         0      
       renormd.c.obj                190    0         0      
       fltlid.c.obj                 172    0         0      
       cvtdf.c.obj                  140    0         0      
       copy_decompress_lzss.c.obj   124    0         0      
       lsr32.asm.obj                110    0         0      
       asr32.asm.obj                78     0         0      
       lsl32.asm.obj                78     0         0      
       lsr16.asm.obj                76     0         0      
       autoinit.c.obj               66     0         0      
       subd.c.obj                   46     0         0      
       asr16.asm.obj                44     0         0      
       lsl16.asm.obj                44     0         0      
       negd.c.obj                   42     0         0      
       mult32.asm.obj               38     0         0      
       boot.c.obj                   28     2         0      
       copy_zero_init.c.obj         20     0         0      
       mult16.asm.obj               20     0         0      
       copy_decompress_none.c.obj   18     0         0      
       memcpy.c.obj                 18     0         0      
       epilog.asm.obj               16     0         0      
       fltid.c.obj                  12     0         0      
       isr_trap.asm.obj             8      0         0      
       exit.c.obj                   6      0         0      
       pre_init.c.obj               4      0         0      
       int00.asm.obj                0      2         0      
       int02.asm.obj                0      2         0      
       int03.asm.obj                0      2         0      
       int05.asm.obj                0      2         0      
       int08.asm.obj                0      2         0      
       int09.asm.obj                0      2         0      
       int10.asm.obj                0      2         0      
       int11.asm.obj                0      2         0      
       int12.asm.obj                0      2         0      
       int13.asm.obj                0      2         0      
       int14.asm.obj                0      2         0      
       startup.c.obj                2      0         0      
    +--+----------------------------+------+---------+---------+
       Total:                       7178   176       0      
                                                            
       Stack:                       0      0         80     
       Linker Generated:            0      45        0      
    +--+----------------------------+------+---------+---------+
       Grand Total:                 9648   233       214    


LINKER GENERATED COPY TABLES

__TI_cinit_table @ 0000e676 records: 2, size/record: 4, table size: 8
	.data: load addr=0000e650, load size=0000001b bytes, run addr=0000025a, run size=0000002c bytes, compression=lzss
	.bss: load addr=0000e672, load size=00000004 bytes, run addr=00000200, run size=0000005a bytes, compression=zero_init


LINKER GENERATED HANDLER TABLE

__TI_handler_table @ 0000e66c records: 3, size/record: 2, table size: 6
	index: 0, handler: __TI_zero_init
	index: 1, handler: __TI_decompress_lzss
	index: 2, handler: __TI_decompress_none


GLOBAL SYMBOLS: SORTED ALPHABETICALLY BY Name 

address   name                          
-------   ----                          
0000004a  ADC10AE0                      
000001b0  ADC10CTL0                     
000001b2  ADC10CTL1                     
00000048  ADC10DTC0                     
00000049  ADC10DTC1                     
000001b4  ADC10MEM                      
000001bc  ADC10SA                       
00000057  BCSCTL1                       
00000058  BCSCTL2                       
00000053  BCSCTL3                       
0000e5a4  C$$EXIT                       
00000059  CACTL1                        
0000005a  CACTL2                        
000010fb  CALBC1_12MHZ                  
000010f9  CALBC1_16MHZ                  
000010ff  CALBC1_1MHZ                   
000010fd  CALBC1_8MHZ                   
000010fa  CALDCO_12MHZ                  
000010f8  CALDCO_16MHZ                  
000010fe  CALDCO_1MHZ                   
000010fc  CALDCO_8MHZ                   
0000005b  CAPD                          
00000056  DCOCTL                        
00000128  FCTL1                         
0000012a  FCTL2                         
0000012c  FCTL3                         
00000000  IE1                           
00000001  IE2                           
00000002  IFG1                          
00000003  IFG2                          
0000025e  LINEAR_ARRAY_LENGTH           
00000278  LSB                           
00000281  MASTER_ONLY                   
00000276  MSB                           
00000022  P1DIR                         
00000025  P1IE                          
00000024  P1IES                         
00000023  P1IFG                         
00000020  P1IN                          
00000021  P1OUT                         
00000027  P1REN                         
00000026  P1SEL                         
00000041  P1SEL2                        
0000002a  P2DIR                         
0000002d  P2IE                          
0000002c  P2IES                         
0000002b  P2IFG                         
00000028  P2IN                          
00000029  P2OUT                         
0000002f  P2REN                         
0000002e  P2SEL                         
00000042  P2SEL2                        
0000001a  P3DIR                         
00000018  P3IN                          
00000019  P3OUT                         
00000010  P3REN                         
0000001b  P3SEL                         
00000043  P3SEL2                        
00000250  READINGX                      
00000254  READINGY                      
00000258  READING_INDEX_X               
00000259  READING_INDEX_Y               
00000282  RECEIVED                      
0000025c  RXData                        
00000280  SLAVE_ONLY                    
00000172  TA0CCR0                       
00000174  TA0CCR1                       
00000176  TA0CCR2                       
00000162  TA0CCTL0                      
00000164  TA0CCTL1                      
00000166  TA0CCTL2                      
00000160  TA0CTL                        
0000012e  TA0IV                         
00000170  TA0R                          
00000192  TA1CCR0                       
00000194  TA1CCR1                       
00000196  TA1CCR2                       
00000182  TA1CCTL0                      
00000184  TA1CCTL1                      
00000186  TA1CCTL2                      
00000180  TA1CTL                        
0000011e  TA1IV                         
00000190  TA1R                          
0000027f  TEST_MODE                     
000010db  TLV_ADC10_1_LEN               
000010da  TLV_ADC10_1_TAG               
000010c0  TLV_CHECKSUM                  
000010f7  TLV_DCO_30_LEN                
000010f6  TLV_DCO_30_TAG                
0000025a  TXData                        
0000025b  TXData_slave                  
0000005d  UCA0ABCTL                     
00000062  UCA0BR0                       
00000063  UCA0BR1                       
00000060  UCA0CTL0                      
00000061  UCA0CTL1                      
0000005f  UCA0IRRCTL                    
0000005e  UCA0IRTCTL                    
00000064  UCA0MCTL                      
00000066  UCA0RXBUF                     
00000065  UCA0STAT                      
00000067  UCA0TXBUF                     
0000006a  UCB0BR0                       
0000006b  UCB0BR1                       
00000068  UCB0CTL0                      
00000069  UCB0CTL1                      
0000006c  UCB0I2CIE                     
00000118  UCB0I2COA                     
0000011a  UCB0I2CSA                     
0000006e  UCB0RXBUF                     
0000006d  UCB0STAT                      
0000006f  UCB0TXBUF                     
0000e37a  USCIB0RX_ISR                  
0000e584  USCIB0TX_ISR                  
00000120  WDTCTL                        
00000400  __STACK_END                   
00000050  __STACK_SIZE                  
0000e676  __TI_CINIT_Base               
0000e67e  __TI_CINIT_Limit              
0000e66c  __TI_Handler_Table_Base       
0000e672  __TI_Handler_Table_Limit      
0000e59c  __TI_ISR_TRAP                 
0000e2bc  __TI_auto_init_nobinit_nopinit
0000e0d6  __TI_decompress_lzss          
0000e51e  __TI_decompress_none          
0000d11e  __TI_frcaddd                  
0000c4b8  __TI_frcdivd                  
0000cc2a  __TI_frcmpyd                  
0000ffe0  __TI_int00                    
0000ffe4  __TI_int02                    
0000ffe6  __TI_int03                    
0000ffea  __TI_int05                    
0000ffec  __TI_int06                    
0000ffee  __TI_int07                    
0000fff0  __TI_int08                    
0000fff2  __TI_int09                    
0000fff4  __TI_int10                    
0000fff6  __TI_int11                    
0000fff8  __TI_int12                    
0000fffa  __TI_int13                    
0000fffc  __TI_int14                    
ffffffff  __TI_pprof_out_hndl           
ffffffff  __TI_prof_data_size           
ffffffff  __TI_prof_data_start          
0000dce4  __TI_renormd                  
0000e4f6  __TI_zero_init_nomemset       
ffffffff  __c_args__                    
0000c930  __mspabi_addd                 
0000db34  __mspabi_cmpd                 
0000e04a  __mspabi_cvtdf                
0000d5c0  __mspabi_divd                 
0000e590  __mspabi_fltid                
0000de50  __mspabi_fltlid               
0000e580  __mspabi_func_epilog_1        
0000e57e  __mspabi_func_epilog_2        
0000e57c  __mspabi_func_epilog_3        
0000e57a  __mspabi_func_epilog_4        
0000e578  __mspabi_func_epilog_5        
0000e576  __mspabi_func_epilog_6        
0000e574  __mspabi_func_epilog_7        
0000ceb0  __mspabi_mpyd                 
0000e50a  __mspabi_mpyi                 
0000e50a  __mspabi_mpyi_sw              
0000e498  __mspabi_mpyl                 
0000e498  __mspabi_mpyl_sw              
0000e46e  __mspabi_negd                 
0000e442  __mspabi_slli                 
0000e46a  __mspabi_slli_1               
0000e458  __mspabi_slli_10              
0000e456  __mspabi_slli_11              
0000e454  __mspabi_slli_12              
0000e452  __mspabi_slli_13              
0000e450  __mspabi_slli_14              
0000e44e  __mspabi_slli_15              
0000e468  __mspabi_slli_2               
0000e466  __mspabi_slli_3               
0000e464  __mspabi_slli_4               
0000e462  __mspabi_slli_5               
0000e460  __mspabi_slli_6               
0000e45e  __mspabi_slli_7               
0000e45c  __mspabi_slli_8               
0000e45a  __mspabi_slli_9               
0000e564  __mspabi_slll                 
0000e374  __mspabi_slll_1               
0000e350  __mspabi_slll_10              
0000e34c  __mspabi_slll_11              
0000e348  __mspabi_slll_12              
0000e344  __mspabi_slll_13              
0000e340  __mspabi_slll_14              
0000e33c  __mspabi_slll_15              
0000e370  __mspabi_slll_2               
0000e36c  __mspabi_slll_3               
0000e368  __mspabi_slll_4               
0000e364  __mspabi_slll_5               
0000e360  __mspabi_slll_6               
0000e35c  __mspabi_slll_7               
0000e358  __mspabi_slll_8               
0000e354  __mspabi_slll_9               
0000e416  __mspabi_srai                 
0000e43e  __mspabi_srai_1               
0000e42c  __mspabi_srai_10              
0000e42a  __mspabi_srai_11              
0000e428  __mspabi_srai_12              
0000e426  __mspabi_srai_13              
0000e424  __mspabi_srai_14              
0000e422  __mspabi_srai_15              
0000e43c  __mspabi_srai_2               
0000e43a  __mspabi_srai_3               
0000e438  __mspabi_srai_4               
0000e436  __mspabi_srai_5               
0000e434  __mspabi_srai_6               
0000e432  __mspabi_srai_7               
0000e430  __mspabi_srai_8               
0000e42e  __mspabi_srai_9               
0000e554  __mspabi_sral                 
0000e336  __mspabi_sral_1               
0000e312  __mspabi_sral_10              
0000e30e  __mspabi_sral_11              
0000e30a  __mspabi_sral_12              
0000e306  __mspabi_sral_13              
0000e302  __mspabi_sral_14              
0000e2fe  __mspabi_sral_15              
0000e332  __mspabi_sral_2               
0000e32e  __mspabi_sral_3               
0000e32a  __mspabi_sral_4               
0000e326  __mspabi_sral_5               
0000e322  __mspabi_sral_6               
0000e31e  __mspabi_sral_7               
0000e31a  __mspabi_sral_8               
0000e316  __mspabi_sral_9               
0000e270  __mspabi_srli                 
0000e2b6  __mspabi_srli_1               
0000e292  __mspabi_srli_10              
0000e28e  __mspabi_srli_11              
0000e28a  __mspabi_srli_12              
0000e286  __mspabi_srli_13              
0000e282  __mspabi_srli_14              
0000e27e  __mspabi_srli_15              
0000e2b2  __mspabi_srli_2               
0000e2ae  __mspabi_srli_3               
0000e2aa  __mspabi_srli_4               
0000e2a6  __mspabi_srli_5               
0000e2a2  __mspabi_srli_6               
0000e29e  __mspabi_srli_7               
0000e29a  __mspabi_srli_8               
0000e296  __mspabi_srli_9               
0000e530  __mspabi_srll                 
0000e210  __mspabi_srll_1               
0000e1da  __mspabi_srll_10              
0000e1d4  __mspabi_srll_11              
0000e1ce  __mspabi_srll_12              
0000e1c8  __mspabi_srll_13              
0000e1c2  __mspabi_srll_14              
0000e1bc  __mspabi_srll_15              
0000e20a  __mspabi_srll_2               
0000e204  __mspabi_srll_3               
0000e1fe  __mspabi_srll_4               
0000e1f8  __mspabi_srll_5               
0000e1f2  __mspabi_srll_6               
0000e1ec  __mspabi_srll_7               
0000e1e6  __mspabi_srll_8               
0000e1e0  __mspabi_srll_9               
0000e3e8  __mspabi_subd                 
0000e4be  _c_int00_noargs               
0000fffe  _reset_vector                 
000003b0  _stack                        
0000e5ae  _system_post_cinit            
0000e5aa  _system_pre_init              
0000e5a4  abort                         
00000266  angleX                        
0000026e  angleY                        
0000c000  atan                          
0000c000  atanl                         
00000232  dataBuffer                    
0000d37e  determineAngle                
00000200  finalArray                    
0000027d  ie2Cpy                        
0000027c  ifgCpy                        
0000dda2  init                          
0000e218  initAll                       
0000e152  init_SPI_master               
0000e4da  init_SPI_slave                
0000da52  main                          
0000e542  memcpy                        
0000027a  numOfBits                     
0000dc10  readAll                       
0000d7f8  readXaxis                     
0000d92c  readYaxis                     
0000defc  sendIntegration               
0000e3b2  send_readings                 
0000dfa8  setThreshold                  
0000025d  slaveCmd                      
0000027e  srCpy                         
00000284  state1                        


GLOBAL SYMBOLS: SORTED BY Symbol Address 

address   name                          
-------   ----                          
00000000  IE1                           
00000001  IE2                           
00000002  IFG1                          
00000003  IFG2                          
00000010  P3REN                         
00000018  P3IN                          
00000019  P3OUT                         
0000001a  P3DIR                         
0000001b  P3SEL                         
00000020  P1IN                          
00000021  P1OUT                         
00000022  P1DIR                         
00000023  P1IFG                         
00000024  P1IES                         
00000025  P1IE                          
00000026  P1SEL                         
00000027  P1REN                         
00000028  P2IN                          
00000029  P2OUT                         
0000002a  P2DIR                         
0000002b  P2IFG                         
0000002c  P2IES                         
0000002d  P2IE                          
0000002e  P2SEL                         
0000002f  P2REN                         
00000041  P1SEL2                        
00000042  P2SEL2                        
00000043  P3SEL2                        
00000048  ADC10DTC0                     
00000049  ADC10DTC1                     
0000004a  ADC10AE0                      
00000050  __STACK_SIZE                  
00000053  BCSCTL3                       
00000056  DCOCTL                        
00000057  BCSCTL1                       
00000058  BCSCTL2                       
00000059  CACTL1                        
0000005a  CACTL2                        
0000005b  CAPD                          
0000005d  UCA0ABCTL                     
0000005e  UCA0IRTCTL                    
0000005f  UCA0IRRCTL                    
00000060  UCA0CTL0                      
00000061  UCA0CTL1                      
00000062  UCA0BR0                       
00000063  UCA0BR1                       
00000064  UCA0MCTL                      
00000065  UCA0STAT                      
00000066  UCA0RXBUF                     
00000067  UCA0TXBUF                     
00000068  UCB0CTL0                      
00000069  UCB0CTL1                      
0000006a  UCB0BR0                       
0000006b  UCB0BR1                       
0000006c  UCB0I2CIE                     
0000006d  UCB0STAT                      
0000006e  UCB0RXBUF                     
0000006f  UCB0TXBUF                     
00000118  UCB0I2COA                     
0000011a  UCB0I2CSA                     
0000011e  TA1IV                         
00000120  WDTCTL                        
00000128  FCTL1                         
0000012a  FCTL2                         
0000012c  FCTL3                         
0000012e  TA0IV                         
00000160  TA0CTL                        
00000162  TA0CCTL0                      
00000164  TA0CCTL1                      
00000166  TA0CCTL2                      
00000170  TA0R                          
00000172  TA0CCR0                       
00000174  TA0CCR1                       
00000176  TA0CCR2                       
00000180  TA1CTL                        
00000182  TA1CCTL0                      
00000184  TA1CCTL1                      
00000186  TA1CCTL2                      
00000190  TA1R                          
00000192  TA1CCR0                       
00000194  TA1CCR1                       
00000196  TA1CCR2                       
000001b0  ADC10CTL0                     
000001b2  ADC10CTL1                     
000001b4  ADC10MEM                      
000001bc  ADC10SA                       
00000200  finalArray                    
00000232  dataBuffer                    
00000250  READINGX                      
00000254  READINGY                      
00000258  READING_INDEX_X               
00000259  READING_INDEX_Y               
0000025a  TXData                        
0000025b  TXData_slave                  
0000025c  RXData                        
0000025d  slaveCmd                      
0000025e  LINEAR_ARRAY_LENGTH           
00000266  angleX                        
0000026e  angleY                        
00000276  MSB                           
00000278  LSB                           
0000027a  numOfBits                     
0000027c  ifgCpy                        
0000027d  ie2Cpy                        
0000027e  srCpy                         
0000027f  TEST_MODE                     
00000280  SLAVE_ONLY                    
00000281  MASTER_ONLY                   
00000282  RECEIVED                      
00000284  state1                        
000003b0  _stack                        
00000400  __STACK_END                   
000010c0  TLV_CHECKSUM                  
000010da  TLV_ADC10_1_TAG               
000010db  TLV_ADC10_1_LEN               
000010f6  TLV_DCO_30_TAG                
000010f7  TLV_DCO_30_LEN                
000010f8  CALDCO_16MHZ                  
000010f9  CALBC1_16MHZ                  
000010fa  CALDCO_12MHZ                  
000010fb  CALBC1_12MHZ                  
000010fc  CALDCO_8MHZ                   
000010fd  CALBC1_8MHZ                   
000010fe  CALDCO_1MHZ                   
000010ff  CALBC1_1MHZ                   
0000c000  atan                          
0000c000  atanl                         
0000c4b8  __TI_frcdivd                  
0000c930  __mspabi_addd                 
0000cc2a  __TI_frcmpyd                  
0000ceb0  __mspabi_mpyd                 
0000d11e  __TI_frcaddd                  
0000d37e  determineAngle                
0000d5c0  __mspabi_divd                 
0000d7f8  readXaxis                     
0000d92c  readYaxis                     
0000da52  main                          
0000db34  __mspabi_cmpd                 
0000dc10  readAll                       
0000dce4  __TI_renormd                  
0000dda2  init                          
0000de50  __mspabi_fltlid               
0000defc  sendIntegration               
0000dfa8  setThreshold                  
0000e04a  __mspabi_cvtdf                
0000e0d6  __TI_decompress_lzss          
0000e152  init_SPI_master               
0000e1bc  __mspabi_srll_15              
0000e1c2  __mspabi_srll_14              
0000e1c8  __mspabi_srll_13              
0000e1ce  __mspabi_srll_12              
0000e1d4  __mspabi_srll_11              
0000e1da  __mspabi_srll_10              
0000e1e0  __mspabi_srll_9               
0000e1e6  __mspabi_srll_8               
0000e1ec  __mspabi_srll_7               
0000e1f2  __mspabi_srll_6               
0000e1f8  __mspabi_srll_5               
0000e1fe  __mspabi_srll_4               
0000e204  __mspabi_srll_3               
0000e20a  __mspabi_srll_2               
0000e210  __mspabi_srll_1               
0000e218  initAll                       
0000e270  __mspabi_srli                 
0000e27e  __mspabi_srli_15              
0000e282  __mspabi_srli_14              
0000e286  __mspabi_srli_13              
0000e28a  __mspabi_srli_12              
0000e28e  __mspabi_srli_11              
0000e292  __mspabi_srli_10              
0000e296  __mspabi_srli_9               
0000e29a  __mspabi_srli_8               
0000e29e  __mspabi_srli_7               
0000e2a2  __mspabi_srli_6               
0000e2a6  __mspabi_srli_5               
0000e2aa  __mspabi_srli_4               
0000e2ae  __mspabi_srli_3               
0000e2b2  __mspabi_srli_2               
0000e2b6  __mspabi_srli_1               
0000e2bc  __TI_auto_init_nobinit_nopinit
0000e2fe  __mspabi_sral_15              
0000e302  __mspabi_sral_14              
0000e306  __mspabi_sral_13              
0000e30a  __mspabi_sral_12              
0000e30e  __mspabi_sral_11              
0000e312  __mspabi_sral_10              
0000e316  __mspabi_sral_9               
0000e31a  __mspabi_sral_8               
0000e31e  __mspabi_sral_7               
0000e322  __mspabi_sral_6               
0000e326  __mspabi_sral_5               
0000e32a  __mspabi_sral_4               
0000e32e  __mspabi_sral_3               
0000e332  __mspabi_sral_2               
0000e336  __mspabi_sral_1               
0000e33c  __mspabi_slll_15              
0000e340  __mspabi_slll_14              
0000e344  __mspabi_slll_13              
0000e348  __mspabi_slll_12              
0000e34c  __mspabi_slll_11              
0000e350  __mspabi_slll_10              
0000e354  __mspabi_slll_9               
0000e358  __mspabi_slll_8               
0000e35c  __mspabi_slll_7               
0000e360  __mspabi_slll_6               
0000e364  __mspabi_slll_5               
0000e368  __mspabi_slll_4               
0000e36c  __mspabi_slll_3               
0000e370  __mspabi_slll_2               
0000e374  __mspabi_slll_1               
0000e37a  USCIB0RX_ISR                  
0000e3b2  send_readings                 
0000e3e8  __mspabi_subd                 
0000e416  __mspabi_srai                 
0000e422  __mspabi_srai_15              
0000e424  __mspabi_srai_14              
0000e426  __mspabi_srai_13              
0000e428  __mspabi_srai_12              
0000e42a  __mspabi_srai_11              
0000e42c  __mspabi_srai_10              
0000e42e  __mspabi_srai_9               
0000e430  __mspabi_srai_8               
0000e432  __mspabi_srai_7               
0000e434  __mspabi_srai_6               
0000e436  __mspabi_srai_5               
0000e438  __mspabi_srai_4               
0000e43a  __mspabi_srai_3               
0000e43c  __mspabi_srai_2               
0000e43e  __mspabi_srai_1               
0000e442  __mspabi_slli                 
0000e44e  __mspabi_slli_15              
0000e450  __mspabi_slli_14              
0000e452  __mspabi_slli_13              
0000e454  __mspabi_slli_12              
0000e456  __mspabi_slli_11              
0000e458  __mspabi_slli_10              
0000e45a  __mspabi_slli_9               
0000e45c  __mspabi_slli_8               
0000e45e  __mspabi_slli_7               
0000e460  __mspabi_slli_6               
0000e462  __mspabi_slli_5               
0000e464  __mspabi_slli_4               
0000e466  __mspabi_slli_3               
0000e468  __mspabi_slli_2               
0000e46a  __mspabi_slli_1               
0000e46e  __mspabi_negd                 
0000e498  __mspabi_mpyl                 
0000e498  __mspabi_mpyl_sw              
0000e4be  _c_int00_noargs               
0000e4da  init_SPI_slave                
0000e4f6  __TI_zero_init_nomemset       
0000e50a  __mspabi_mpyi                 
0000e50a  __mspabi_mpyi_sw              
0000e51e  __TI_decompress_none          
0000e530  __mspabi_srll                 
0000e542  memcpy                        
0000e554  __mspabi_sral                 
0000e564  __mspabi_slll                 
0000e574  __mspabi_func_epilog_7        
0000e576  __mspabi_func_epilog_6        
0000e578  __mspabi_func_epilog_5        
0000e57a  __mspabi_func_epilog_4        
0000e57c  __mspabi_func_epilog_3        
0000e57e  __mspabi_func_epilog_2        
0000e580  __mspabi_func_epilog_1        
0000e584  USCIB0TX_ISR                  
0000e590  __mspabi_fltid                
0000e59c  __TI_ISR_TRAP                 
0000e5a4  C$$EXIT                       
0000e5a4  abort                         
0000e5aa  _system_pre_init              
0000e5ae  _system_post_cinit            
0000e66c  __TI_Handler_Table_Base       
0000e672  __TI_Handler_Table_Limit      
0000e676  __TI_CINIT_Base               
0000e67e  __TI_CINIT_Limit              
0000ffe0  __TI_int00                    
0000ffe4  __TI_int02                    
0000ffe6  __TI_int03                    
0000ffea  __TI_int05                    
0000ffec  __TI_int06                    
0000ffee  __TI_int07                    
0000fff0  __TI_int08                    
0000fff2  __TI_int09                    
0000fff4  __TI_int10                    
0000fff6  __TI_int11                    
0000fff8  __TI_int12                    
0000fffa  __TI_int13                    
0000fffc  __TI_int14                    
0000fffe  _reset_vector                 
ffffffff  __TI_pprof_out_hndl           
ffffffff  __TI_prof_data_size           
ffffffff  __TI_prof_data_start          
ffffffff  __c_args__                    

[294 symbols]
